slurmstepd: info: Setting TMPDIR to /scratch/14994825. Previous errors about TMPDIR can be discarded
跨节点DDP配置: Master=a100-43:14825
=== 通信开销测试（固定50K样本）: communication_inter_n2g2 ===
节点数: 2
总GPU数: 2
作业ID: 14994825
GPU类型: 普通A100节点
CPU核心: 64 (2×32)
描述: 2GPU跨节点通信
开始时间: Sun Jul 20 20:17:25 CEST 2025
节点列表: a100-[43-44]
Master节点: a100-43
Master端口: 14825
检查节点连通性...
c209-11
c209-12
c209-11:3374657:3374657 [0] NCCL INFO Bootstrap : Using ib0:172.30.209.11<0>
c209-11:3374657:3374657 [0] NCCL INFO NET/Plugin : dlerror=libnccl-net.so: cannot open shared object file: No such file or directory No plugin found (libnccl-net.so), using internal implementation
c209-11:3374657:3374657 [0] NCCL INFO cudaDriverVersion 12080
NCCL version 2.19.3+cuda12.1
Rank 0: 跨节点DDP配置
Rank 0: Master节点: a100-43
Rank 0: Master端口: 14825
Rank 0: World size: 2, Local rank: 0
Rank 0: 连接到 a100-43:14825
=== KAN并行化最小可行性测试 ===
测试类型: communication_overhead_analysis
模式: DDP
数据集大小: 50,000样本
参数: K=3, Grid=10, Width=64
设备: cuda:0, GPU数量: 2, 节点数量: 2
批次大小: 512, 训练轮数: 40
checkpoint directory created: ./model
saving model version 0.0
使用DistributedDataParallel，进程数: 2
总参数数: 5,414
GPU预热中...
Rank 1: 跨节点DDP配置
Rank 1: Master节点: a100-43
Rank 1: Master端口: 14825
Rank 1: World size: 2, Local rank: 0
Rank 1: 连接到 a100-43:14825
checkpoint directory created: ./model
saving model version 0.0
使用DistributedDataParallel，进程数: 2
Epoch  0/40: Loss=8.132353, Time=7.98s, Throughput=3131.4 samples/s, CommOverhead=6.5%, GPU=0.04GB
Epoch  5/40: Loss=0.809696, Time=7.27s, Throughput=3439.9 samples/s, CommOverhead=6.1%, GPU=0.04GB
Epoch 10/40: Loss=0.111848, Time=7.28s, Throughput=3433.5 samples/s, CommOverhead=7.1%, GPU=0.04GB
Epoch 15/40: Loss=0.091093, Time=7.29s, Throughput=3430.3 samples/s, CommOverhead=5.5%, GPU=0.04GB
Epoch 20/40: Loss=0.078141, Time=7.27s, Throughput=3440.0 samples/s, CommOverhead=6.3%, GPU=0.04GB
Epoch 25/40: Loss=0.067563, Time=7.49s, Throughput=3337.0 samples/s, CommOverhead=5.5%, GPU=0.04GB
Epoch 30/40: Loss=0.057197, Time=7.29s, Throughput=3428.4 samples/s, CommOverhead=6.3%, GPU=0.04GB
Epoch 35/40: Loss=0.049604, Time=7.29s, Throughput=3428.0 samples/s, CommOverhead=6.7%, GPU=0.04GB
Epoch 39/40: Loss=0.042397, Time=7.29s, Throughput=3431.2 samples/s, CommOverhead=6.5%, GPU=0.04GB

=== 训练完成 ===
测试类型: communication_overhead_analysis
总训练时间: 292.48秒
平均吞吐量: 6842.1 samples/s (总计), 3421.0 samples/s (每GPU)
平均通信开销: 6.1%
最终损失: 0.042397
峰值GPU内存: 0.06GB
c209-12:665872:665872 [0] NCCL INFO cudaDriverVersion 12080
c209-12:665872:665872 [0] NCCL INFO Bootstrap : Using ib0:172.30.209.12<0>
c209-12:665872:665872 [0] NCCL INFO NET/Plugin : dlerror=libnccl-net.so: cannot open shared object file: No such file or directory No plugin found (libnccl-net.so), using internal implementation
c209-12:665872:665957 [0] NCCL INFO NCCL_IB_DISABLE set by environment to 0.
c209-12:665872:665957 [0] NCCL INFO NET/IB : Using [0]mlx5_2:1/IB [1]mlx5_bond_0:1/RoCE [RO]; OOB ib0:172.30.209.12<0>
c209-12:665872:665957 [0] NCCL INFO Using non-device net plugin version 0
c209-12:665872:665957 [0] NCCL INFO Using network IB
c209-12:665872:665957 [0] NCCL INFO comm 0x55fd8f39d500 rank 1 nranks 2 cudaDev 0 nvmlDev 0 busId 98000 commId 0x48e0da4a22a17e4a - Init START
c209-12:665872:665957 [0] NCCL INFO Setting affinity for GPU 0 to ffff,00000000
c209-12:665872:665957 [0] NCCL INFO Trees [0] -1/-1/-1->1->0 [1] 0/-1/-1->1->-1
c209-12:665872:665957 [0] NCCL INFO P2P Chunksize set to 131072
c209-12:665872:665957 [0] NCCL INFO Channel 00/0 : 0[0] -> 1[0] [receive] via NET/IB/0
c209-12:665872:665957 [0] NCCL INFO Channel 01/0 : 0[0] -> 1[0] [receive] via NET/IB/0
c209-12:665872:665957 [0] NCCL INFO Channel 00/0 : 1[0] -> 0[0] [send] via NET/IB/0
c209-12:665872:665957 [0] NCCL INFO Channel 01/0 : 1[0] -> 0[0] [send] via NET/IB/0
c209-12:665872:665957 [0] NCCL INFO Connected all rings
c209-12:665872:665957 [0] NCCL INFO Connected all trees
c209-12:665872:665957 [0] NCCL INFO threadThresholds 8/8/64 | 16/8/64 | 512 | 512
c209-12:665872:665957 [0] NCCL INFO 2 coll channels, 0 nvls channels, 2 p2p channels, 2 p2p channels per peer
c209-12:665872:665957 [0] NCCL INFO comm 0x55fd8f39d500 rank 1 nranks 2 cudaDev 0 nvmlDev 0 busId 98000 commId 0x48e0da4a22a17e4a - Init COMPLETE
c209-12:665872:665960 [0] NCCL INFO [Service thread] Connection closed by localRank 0
c209-12:665872:665872 [0] NCCL INFO comm 0x55fd8f39d500 rank 1 nranks 2 cudaDev 0 busId 98000 - Abort COMPLETE
c209-11:3374657:3374747 [0] NCCL INFO NCCL_IB_DISABLE set by environment to 0.
c209-11:3374657:3374747 [0] NCCL INFO NET/IB : Using [0]mlx5_2:1/IB [1]mlx5_bond_0:1/RoCE [RO]; OOB ib0:172.30.209.11<0>
c209-11:3374657:3374747 [0] NCCL INFO Using non-device net plugin version 0
c209-11:3374657:3374747 [0] NCCL INFO Using network IB
c209-11:3374657:3374747 [0] NCCL INFO comm 0x561e72e673e0 rank 0 nranks 2 cudaDev 0 nvmlDev 0 busId 98000 commId 0x48e0da4a22a17e4a - Init START
c209-11:3374657:3374747 [0] NCCL INFO Setting affinity for GPU 0 to ffff,00000000
c209-11:3374657:3374747 [0] NCCL INFO Channel 00/02 :    0   1
c209-11:3374657:3374747 [0] NCCL INFO Channel 01/02 :    0   1
c209-11:3374657:3374747 [0] NCCL INFO Trees [0] 1/-1/-1->0->-1 [1] -1/-1/-1->0->1
c209-11:3374657:3374747 [0] NCCL INFO P2P Chunksize set to 131072
c209-11:3374657:3374747 [0] NCCL INFO Channel 00/0 : 1[0] -> 0[0] [receive] via NET/IB/0
c209-11:3374657:3374747 [0] NCCL INFO Channel 01/0 : 1[0] -> 0[0] [receive] via NET/IB/0
c209-11:3374657:3374747 [0] NCCL INFO Channel 00/0 : 0[0] -> 1[0] [send] via NET/IB/0
c209-11:3374657:3374747 [0] NCCL INFO Channel 01/0 : 0[0] -> 1[0] [send] via NET/IB/0
c209-11:3374657:3374747 [0] NCCL INFO Connected all rings
c209-11:3374657:3374747 [0] NCCL INFO Connected all trees
c209-11:3374657:3374747 [0] NCCL INFO threadThresholds 8/8/64 | 16/8/64 | 512 | 512
c209-11:3374657:3374747 [0] NCCL INFO 2 coll channels, 0 nvls channels, 2 p2p channels, 2 p2p channels per peer
c209-11:3374657:3374747 [0] NCCL INFO comm 0x561e72e673e0 rank 0 nranks 2 cudaDev 0 nvmlDev 0 busId 98000 commId 0x48e0da4a22a17e4a - Init COMPLETE
c209-11:3374657:3374750 [0] NCCL INFO [Service thread] Connection closed by localRank 0
c209-11:3374657:3374657 [0] NCCL INFO comm 0x561e72e673e0 rank 0 nranks 2 cudaDev 0 busId 98000 - Abort COMPLETE
=== 测试完成 ===
结束时间: Sun Jul 20 20:22:27 CEST 2025
查找结果文件...
SUCCESS: 测试结果已保存到: ./results/communication_inter_n2g2_ddp_performance.json
RESULTS: 快速查看
  总训练时间: 292.48秒
  平均通信开销: 6.1%
