slurmstepd: info: Setting TMPDIR to /scratch/14995135. Previous errors about TMPDIR can be discarded
跨节点DDP配置: Master=a100-6:15135
=== 通信开销测试（固定50K样本）: communication_inter_n4g8 ===
节点数: 4
总GPU数: 8
作业ID: 14995135
GPU类型: 普通A100节点
CPU核心: 256 (8×32)
描述: 8GPU四节点间通信
开始时间: Sun Jul 20 21:12:22 CEST 2025
节点列表: a100-[6,19,25,27]
Master节点: a100-6
Master端口: 15135
检查节点连通性...
c207-6
c207-6
c208-11
c208-11
c208-3
c208-3
c208-9
c208-9
c207-6:2453935:2453935 [0] NCCL INFO Bootstrap : Using ib0:172.30.207.6<0>
c207-6:2453935:2453935 [0] NCCL INFO NET/Plugin : dlerror=libnccl-net.so: cannot open shared object file: No such file or directory No plugin found (libnccl-net.so), using internal implementation
c207-6:2453935:2453935 [0] NCCL INFO cudaDriverVersion 12080
NCCL version 2.19.3+cuda12.1
c207-6:2453935:2454106 [0] NCCL INFO NCCL_IB_DISABLE set by environment to 0.
c207-6:2453935:2454106 [0] NCCL INFO NET/IB : Using [0]mlx5_2:1/IB [1]mlx5_bond_0:1/RoCE [RO]; OOB ib0:172.30.207.6<0>
c207-6:2453935:2454106 [0] NCCL INFO Using non-device net plugin version 0
c207-6:2453935:2454106 [0] NCCL INFO Using network IB
c207-6:2453935:2454106 [0] NCCL INFO comm 0x55a39ef243f0 rank 0 nranks 8 cudaDev 0 nvmlDev 0 busId 17000 commId 0x26c978f200d1671f - Init START
c207-6:2453935:2454106 [0] NCCL INFO Setting affinity for GPU 0 to ffff
c207-6:2453935:2454106 [0] NCCL INFO Channel 00/10 :    0   1   2   3   4   5   6   7
c207-6:2453935:2454106 [0] NCCL INFO Channel 01/10 :    0   1   2   3   4   5   6   7
c207-6:2453935:2454106 [0] NCCL INFO Channel 02/10 :    0   1   2   3   4   5   6   7
c207-6:2453935:2454106 [0] NCCL INFO Channel 03/10 :    0   3   2   5   4   7   6   1
c207-6:2453935:2454106 [0] NCCL INFO Channel 04/10 :    0   3   2   5   4   7   6   1
c207-6:2453935:2454106 [0] NCCL INFO Channel 05/10 :    0   1   2   3   4   5   6   7
c207-6:2453935:2454106 [0] NCCL INFO Channel 06/10 :    0   1   2   3   4   5   6   7
c207-6:2453935:2454106 [0] NCCL INFO Channel 07/10 :    0   1   2   3   4   5   6   7
c207-6:2453935:2454106 [0] NCCL INFO Channel 08/10 :    0   3   2   5   4   7   6   1
c207-6:2453935:2454106 [0] NCCL INFO Channel 09/10 :    0   3   2   5   4   7   6   1
c207-6:2453935:2454106 [0] NCCL INFO Trees [0] 1/4/-1->0->-1 [1] 1/4/-1->0->-1 [2] 1/4/-1->0->-1 [3] -1/-1/-1->0->1 [4] -1/-1/-1->0->1 [5] 1/-1/-1->0->2 [6] 1/-1/-1->0->2 [7] 1/-1/-1->0->2 [8] -1/-1/-1->0->1 [9] -1/-1/-1->0->1
c207-6:2453935:2454106 [0] NCCL INFO P2P Chunksize set to 131072
c207-6:2453935:2454106 [0] NCCL INFO Channel 00/0 : 7[1] -> 0[0] [receive] via NET/IB/0
c207-6:2453935:2454106 [0] NCCL INFO Channel 01/0 : 7[1] -> 0[0] [receive] via NET/IB/1
c207-6:2453935:2454106 [0] NCCL INFO Channel 02/0 : 7[1] -> 0[0] [receive] via NET/IB/0
c207-6:2453935:2454106 [0] NCCL INFO Channel 05/0 : 7[1] -> 0[0] [receive] via NET/IB/0
c207-6:2453935:2454106 [0] NCCL INFO Channel 06/0 : 7[1] -> 0[0] [receive] via NET/IB/1
c207-6:2453935:2454106 [0] NCCL INFO Channel 07/0 : 7[1] -> 0[0] [receive] via NET/IB/0
c207-6:2453935:2454106 [0] NCCL INFO Channel 00 : 0[0] -> 1[1] via SHM/direct/direct
c207-6:2453935:2454106 [0] NCCL INFO Channel 01 : 0[0] -> 1[1] via SHM/direct/direct
c207-6:2453935:2454106 [0] NCCL INFO Channel 02 : 0[0] -> 1[1] via SHM/direct/direct
c207-6:2453935:2454106 [0] NCCL INFO Channel 05 : 0[0] -> 1[1] via SHM/direct/direct
c207-6:2453935:2454106 [0] NCCL INFO Channel 06 : 0[0] -> 1[1] via SHM/direct/direct
c207-6:2453935:2454106 [0] NCCL INFO Channel 07 : 0[0] -> 1[1] via SHM/direct/direct
c207-6:2453935:2454106 [0] NCCL INFO Channel 03/0 : 0[0] -> 3[1] [send] via NET/IB/0
c207-6:2453935:2454106 [0] NCCL INFO Channel 04/0 : 0[0] -> 3[1] [send] via NET/IB/0
c207-6:2453935:2454106 [0] NCCL INFO Channel 08/0 : 0[0] -> 3[1] [send] via NET/IB/0
c207-6:2453935:2454106 [0] NCCL INFO Channel 09/0 : 0[0] -> 3[1] [send] via NET/IB/0
c207-6:2453935:2454106 [0] NCCL INFO Connected all rings
c207-6:2453935:2454106 [0] NCCL INFO Channel 03 : 0[0] -> 1[1] via SHM/direct/direct
c207-6:2453935:2454106 [0] NCCL INFO Channel 04 : 0[0] -> 1[1] via SHM/direct/direct
c207-6:2453935:2454106 [0] NCCL INFO Channel 08 : 0[0] -> 1[1] via SHM/direct/direct
c207-6:2453935:2454106 [0] NCCL INFO Channel 09 : 0[0] -> 1[1] via SHM/direct/direct
c207-6:2453935:2454106 [0] NCCL INFO Channel 05/0 : 0[0] -> 2[0] [send] via NET/IB/0
c207-6:2453935:2454106 [0] NCCL INFO Channel 06/0 : 0[0] -> 2[0] [send] via NET/IB/1
c207-6:2453935:2454106 [0] NCCL INFO Channel 07/0 : 0[0] -> 2[0] [send] via NET/IB/0
c207-6:2453935:2454106 [0] NCCL INFO Channel 00/0 : 4[0] -> 0[0] [receive] via NET/IB/0
c207-6:2453935:2454106 [0] NCCL INFO Channel 01/0 : 4[0] -> 0[0] [receive] via NET/IB/1
c207-6:2453935:2454106 [0] NCCL INFO Channel 02/0 : 4[0] -> 0[0] [receive] via NET/IB/0
c207-6:2453935:2454106 [0] NCCL INFO Channel 00/0 : 0[0] -> 4[0] [send] via NET/IB/0
c208-9:2279768:2279768 [0] NCCL INFO cudaDriverVersion 12080
c208-9:2279768:2279768 [0] NCCL INFO Bootstrap : Using ib0:172.30.208.9<0>
c208-9:2279768:2279768 [0] NCCL INFO NET/Plugin : dlerror=libnccl-net.so: cannot open shared object file: No such file or directory No plugin found (libnccl-net.so), using internal implementation
c208-9:2279768:2279939 [0] NCCL INFO NCCL_IB_DISABLE set by environment to 0.
c208-9:2279768:2279939 [0] NCCL INFO NET/IB : Using [0]mlx5_2:1/IB [1]mlx5_bond_0:1/RoCE [RO]; OOB ib0:172.30.208.9<0>
c208-9:2279768:2279939 [0] NCCL INFO Using non-device net plugin version 0
c208-9:2279768:2279939 [0] NCCL INFO Using network IB
c208-9:2279768:2279939 [0] NCCL INFO comm 0x55674ced1de0 rank 4 nranks 8 cudaDev 0 nvmlDev 0 busId 17000 commId 0x26c978f200d1671f - Init START
c208-9:2279768:2279939 [0] NCCL INFO Setting affinity for GPU 0 to ffff
c208-9:2279768:2279939 [0] NCCL INFO Trees [0] 5/6/-1->4->0 [1] 5/6/-1->4->0 [2] 5/6/-1->4->0 [3] 3/-1/-1->4->5 [4] 3/-1/-1->4->5 [5] 5/-1/-1->4->3 [6] 5/-1/-1->4->3 [7] 5/-1/-1->4->3 [8] -1/-1/-1->4->5 [9] -1/-1/-1->4->5
c208-9:2279768:2279939 [0] NCCL INFO P2P Chunksize set to 131072
c208-9:2279768:2279939 [0] NCCL INFO Channel 00/0 : 3[1] -> 4[0] [receive] via NET/IB/0
c208-9:2279768:2279939 [0] NCCL INFO Channel 01/0 : 3[1] -> 4[0] [receive] via NET/IB/1
c208-9:2279768:2279939 [0] NCCL INFO Channel 02/0 : 3[1] -> 4[0] [receive] via NET/IB/0
c208-9:2279768:2279939 [0] NCCL INFO Channel 05/0 : 3[1] -> 4[0] [receive] via NET/IB/0
c208-9:2279768:2279939 [0] NCCL INFO Channel 06/0 : 3[1] -> 4[0] [receive] via NET/IB/1
c208-9:2279768:2279939 [0] NCCL INFO Channel 07/0 : 3[1] -> 4[0] [receive] via NET/IB/0
c208-9:2279768:2279939 [0] NCCL INFO Channel 00 : 4[0] -> 5[1] via SHM/direct/direct
c208-9:2279768:2279939 [0] NCCL INFO Channel 01 : 4[0] -> 5[1] via SHM/direct/direct
c208-9:2279768:2279939 [0] NCCL INFO Channel 02 : 4[0] -> 5[1] via SHM/direct/direct
c208-9:2279768:2279939 [0] NCCL INFO Channel 05 : 4[0] -> 5[1] via SHM/direct/direct
c208-9:2279768:2279939 [0] NCCL INFO Channel 06 : 4[0] -> 5[1] via SHM/direct/direct
c208-9:2279768:2279939 [0] NCCL INFO Channel 07 : 4[0] -> 5[1] via SHM/direct/direct
c208-9:2279768:2279939 [0] NCCL INFO Channel 03/0 : 4[0] -> 7[1] [send] via NET/IB/0
c208-9:2279768:2279939 [0] NCCL INFO Channel 04/0 : 4[0] -> 7[1] [send] via NET/IB/0
c208-9:2279768:2279939 [0] NCCL INFO Channel 08/0 : 4[0] -> 7[1] [send] via NET/IB/0
c208-9:2279768:2279939 [0] NCCL INFO Channel 09/0 : 4[0] -> 7[1] [send] via NET/IB/0
c208-9:2279768:2279939 [0] NCCL INFO Connected all rings
c208-9:2279768:2279939 [0] NCCL INFO Channel 03/0 : 3[1] -> 4[0] [receive] via NET/IB/0
c208-9:2279768:2279939 [0] NCCL INFO Channel 04/0 : 3[1] -> 4[0] [receive] via NET/IB/0
c208-9:2279768:2279939 [0] NCCL INFO Channel 03 : 4[0] -> 5[1] via SHM/direct/direct
c208-9:2279768:2279939 [0] NCCL INFO Channel 04 : 4[0] -> 5[1] via SHM/direct/direct
c208-9:2279768:2279939 [0] NCCL INFO Channel 08 : 4[0] -> 5[1] via SHM/direct/direct
c208-9:2279768:2279939 [0] NCCL INFO Channel 09 : 4[0] -> 5[1] via SHM/direct/direct
c208-9:2279768:2279939 [0] NCCL INFO Channel 00/0 : 4[0] -> 6[0] [send] via NET/IB/0
c208-9:2279768:2279939 [0] NCCL INFO Channel 01/0 : 4[0] -> 6[0] [send] via NET/IB/1
c208-9:2279768:2279939 [0] NCCL INFO Channel 02/0 : 4[0] -> 6[0] [send] via NET/IB/0
c208-9:2279768:2279939 [0] NCCL INFO Channel 00/0 : 0[0] -> 4[0] [receive] via NET/IB/0
c208-9:2279768:2279939 [0] NCCL INFO Channel 01/0 : 0[0] -> 4[0] [receive] via NET/IB/1
c208-9:2279768:2279939 [0] NCCL INFO Channel 02/0 : 0[0] -> 4[0] [receive] via NET/IB/0
c208-9:2279768:2279939 [0] NCCL INFO Channel 00/0 : 4[0] -> 0[0] [send] via NET/IB/0
c208-9:2279768:2279939 [0] NCCL INFO Channel 01/0 : 4[0] -> 0[0] [send] via NET/IB/1
c208-9:2279768:2279939 [0] NCCL INFO Channel 02/0 : 4[0] -> 0[0] [send] via NET/IB/0
c208-9:2279768:2279939 [0] NCCL INFO Channel 00/0 : 6[0] -> 4[0] [receive] via NET/IB/0
c208-9:2279768:2279939 [0] NCCL INFO Channel 01/0 : 6[0] -> 4[0] [receive] via NET/IB/1
c208-3:1339383:1339383 [0] NCCL INFO cudaDriverVersion 12080
c208-3:1339383:1339383 [0] NCCL INFO Bootstrap : Using ib0:172.30.208.3<0>
c208-3:1339383:1339383 [0] NCCL INFO NET/Plugin : dlerror=libnccl-net.so: cannot open shared object file: No such file or directory No plugin found (libnccl-net.so), using internal implementation
c208-3:1339383:1339569 [0] NCCL INFO NCCL_IB_DISABLE set by environment to 0.
c208-3:1339383:1339569 [0] NCCL INFO NET/IB : Using [0]mlx5_2:1/IB [1]mlx5_bond_0:1/RoCE [RO]; OOB ib0:172.30.208.3<0>
c208-3:1339383:1339569 [0] NCCL INFO Using non-device net plugin version 0
c208-3:1339383:1339569 [0] NCCL INFO Using network IB
c208-3:1339383:1339569 [0] NCCL INFO comm 0x555ec1b79ac0 rank 2 nranks 8 cudaDev 0 nvmlDev 0 busId 17000 commId 0x26c978f200d1671f - Init START
c208-3:1339383:1339569 [0] NCCL INFO Setting affinity for GPU 0 to ffff
c208-3:1339383:1339569 [0] NCCL INFO Trees [0] 3/-1/-1->2->5 [1] 3/-1/-1->2->5 [2] 3/-1/-1->2->5 [3] -1/-1/-1->2->3 [4] -1/-1/-1->2->3 [5] 3/0/-1->2->6 [6] 3/0/-1->2->6 [7] 3/0/-1->2->6 [8] 5/-1/-1->2->3 [9] 5/-1/-1->2->3
c208-3:1339383:1339569 [0] NCCL INFO P2P Chunksize set to 131072
c208-3:1339383:1339569 [0] NCCL INFO Channel 00/0 : 1[1] -> 2[0] [receive] via NET/IB/0
c208-3:1339383:1339569 [0] NCCL INFO Channel 01/0 : 1[1] -> 2[0] [receive] via NET/IB/1
c208-3:1339383:1339569 [0] NCCL INFO Channel 02/0 : 1[1] -> 2[0] [receive] via NET/IB/0
c208-3:1339383:1339569 [0] NCCL INFO Channel 05/0 : 1[1] -> 2[0] [receive] via NET/IB/0
c208-3:1339383:1339569 [0] NCCL INFO Channel 06/0 : 1[1] -> 2[0] [receive] via NET/IB/1
c208-3:1339383:1339569 [0] NCCL INFO Channel 07/0 : 1[1] -> 2[0] [receive] via NET/IB/0
c208-3:1339383:1339569 [0] NCCL INFO Channel 00 : 2[0] -> 3[1] via SHM/direct/direct
c208-3:1339383:1339569 [0] NCCL INFO Channel 01 : 2[0] -> 3[1] via SHM/direct/direct
c208-3:1339383:1339569 [0] NCCL INFO Channel 02 : 2[0] -> 3[1] via SHM/direct/direct
c208-3:1339383:1339569 [0] NCCL INFO Channel 05 : 2[0] -> 3[1] via SHM/direct/direct
c208-3:1339383:1339569 [0] NCCL INFO Channel 06 : 2[0] -> 3[1] via SHM/direct/direct
c208-3:1339383:1339569 [0] NCCL INFO Channel 07 : 2[0] -> 3[1] via SHM/direct/direct
c208-3:1339383:1339569 [0] NCCL INFO Channel 03/0 : 2[0] -> 5[1] [send] via NET/IB/0
c208-3:1339383:1339569 [0] NCCL INFO Channel 04/0 : 2[0] -> 5[1] [send] via NET/IB/0
c208-3:1339383:1339569 [0] NCCL INFO Channel 08/0 : 2[0] -> 5[1] [send] via NET/IB/0
c208-3:1339383:1339569 [0] NCCL INFO Channel 09/0 : 2[0] -> 5[1] [send] via NET/IB/0
c208-3:1339383:1339569 [0] NCCL INFO Connected all rings
c208-3:1339383:1339569 [0] NCCL INFO Channel 03 : 2[0] -> 3[1] via SHM/direct/direct
c208-3:1339383:1339569 [0] NCCL INFO Channel 04 : 2[0] -> 3[1] via SHM/direct/direct
c208-3:1339383:1339569 [0] NCCL INFO Channel 08 : 2[0] -> 3[1] via SHM/direct/direct
c208-3:1339383:1339569 [0] NCCL INFO Channel 09 : 2[0] -> 3[1] via SHM/direct/direct
c208-3:1339383:1339569 [0] NCCL INFO Channel 05/0 : 0[0] -> 2[0] [receive] via NET/IB/0
c208-3:1339383:1339569 [0] NCCL INFO Channel 06/0 : 0[0] -> 2[0] [receive] via NET/IB/1
c208-3:1339383:1339569 [0] NCCL INFO Channel 07/0 : 0[0] -> 2[0] [receive] via NET/IB/0
c208-3:1339383:1339569 [0] NCCL INFO Channel 00/0 : 2[0] -> 5[1] [send] via NET/IB/0
c208-3:1339383:1339569 [0] NCCL INFO Channel 01/0 : 2[0] -> 5[1] [send] via NET/IB/1
c208-3:1339383:1339569 [0] NCCL INFO Channel 02/0 : 2[0] -> 5[1] [send] via NET/IB/0
c208-3:1339383:1339569 [0] NCCL INFO Channel 05/0 : 6[0] -> 2[0] [receive] via NET/IB/0
c208-3:1339383:1339569 [0] NCCL INFO Channel 06/0 : 6[0] -> 2[0] [receive] via NET/IB/1
c208-3:1339383:1339569 [0] NCCL INFO Channel 07/0 : 6[0] -> 2[0] [receive] via NET/IB/0
c208-3:1339383:1339569 [0] NCCL INFO Channel 05/0 : 2[0] -> 6[0] [send] via NET/IB/0
c208-3:1339383:1339569 [0] NCCL INFO Channel 06/0 : 2[0] -> 6[0] [send] via NET/IB/1
c208-3:1339383:1339569 [0] NCCL INFO Channel 07/0 : 2[0] -> 6[0] [send] via NET/IB/0
c208-3:1339383:1339569 [0] NCCL INFO Channel 00/0 : 5[1] -> 2[0] [receive] via NET/IB/0
c208-9:2279769:2279769 [1] NCCL INFO cudaDriverVersion 12080
c208-9:2279769:2279769 [1] NCCL INFO Bootstrap : Using ib0:172.30.208.9<0>
c208-9:2279769:2279769 [1] NCCL INFO NET/Plugin : dlerror=libnccl-net.so: cannot open shared object file: No such file or directory No plugin found (libnccl-net.so), using internal implementation
c208-9:2279769:2279938 [1] NCCL INFO NCCL_IB_DISABLE set by environment to 0.
c208-9:2279769:2279938 [1] NCCL INFO NET/IB : Using [0]mlx5_2:1/IB [1]mlx5_bond_0:1/RoCE [RO]; OOB ib0:172.30.208.9<0>
c208-9:2279769:2279938 [1] NCCL INFO Using non-device net plugin version 0
c208-9:2279769:2279938 [1] NCCL INFO Using network IB
c208-9:2279769:2279938 [1] NCCL INFO comm 0x55f03b480e80 rank 5 nranks 8 cudaDev 1 nvmlDev 1 busId 98000 commId 0x26c978f200d1671f - Init START
c208-9:2279769:2279938 [1] NCCL INFO Setting affinity for GPU 1 to ffff,00000000
c208-3:1339384:1339384 [1] NCCL INFO cudaDriverVersion 12080
c208-3:1339384:1339384 [1] NCCL INFO Bootstrap : Using ib0:172.30.208.3<0>
c208-3:1339384:1339384 [1] NCCL INFO NET/Plugin : dlerror=libnccl-net.so: cannot open shared object file: No such file or directory No plugin found (libnccl-net.so), using internal implementation
c208-3:1339384:1339570 [1] NCCL INFO NCCL_IB_DISABLE set by environment to 0.
c208-3:1339384:1339570 [1] NCCL INFO NET/IB : Using [0]mlx5_2:1/IB [1]mlx5_bond_0:1/RoCE [RO]; OOB ib0:172.30.208.3<0>
c208-3:1339384:1339570 [1] NCCL INFO Using non-device net plugin version 0
c208-3:1339384:1339570 [1] NCCL INFO Using network IB
c208-3:1339384:1339570 [1] NCCL INFO comm 0x562afaeed860 rank 3 nranks 8 cudaDev 1 nvmlDev 1 busId 98000 commId 0x26c978f200d1671f - Init START
c208-3:1339384:1339570 [1] NCCL INFO Setting affinity for GPU 1 to ffff,00000000
c208-9:2279769:2279938 [1] NCCL INFO Trees [0] 2/-1/-1->5->4 [1] 2/-1/-1->5->4 [2] 2/-1/-1->5->4 [3] 4/7/-1->5->1 [4] 4/7/-1->5->1 [5] -1/-1/-1->5->4 [6] -1/-1/-1->5->4 [7] -1/-1/-1->5->4 [8] 4/-1/-1->5->2 [9] 4/-1/-1->5->2
c208-9:2279769:2279938 [1] NCCL INFO P2P Chunksize set to 131072
c208-9:2279769:2279938 [1] NCCL INFO Channel 00/0 : 5[1] -> 6[0] [send] via NET/IB/0
c208-9:2279769:2279938 [1] NCCL INFO Channel 01/0 : 5[1] -> 6[0] [send] via NET/IB/1
c208-9:2279769:2279938 [1] NCCL INFO Channel 02/0 : 5[1] -> 6[0] [send] via NET/IB/0
c208-9:2279769:2279938 [1] NCCL INFO Channel 05/0 : 5[1] -> 6[0] [send] via NET/IB/0
c208-9:2279769:2279938 [1] NCCL INFO Channel 06/0 : 5[1] -> 6[0] [send] via NET/IB/1
c208-9:2279769:2279938 [1] NCCL INFO Channel 07/0 : 5[1] -> 6[0] [send] via NET/IB/0
c208-9:2279769:2279938 [1] NCCL INFO Channel 03/0 : 2[0] -> 5[1] [receive] via NET/IB/0
c208-9:2279769:2279938 [1] NCCL INFO Channel 04/0 : 2[0] -> 5[1] [receive] via NET/IB/0
c208-9:2279769:2279938 [1] NCCL INFO Channel 08/0 : 2[0] -> 5[1] [receive] via NET/IB/0
c208-9:2279769:2279938 [1] NCCL INFO Channel 09/0 : 2[0] -> 5[1] [receive] via NET/IB/0
c208-9:2279769:2279938 [1] NCCL INFO Channel 03 : 5[1] -> 4[0] via SHM/direct/direct
c208-9:2279769:2279938 [1] NCCL INFO Channel 04 : 5[1] -> 4[0] via SHM/direct/direct
c208-9:2279769:2279938 [1] NCCL INFO Channel 08 : 5[1] -> 4[0] via SHM/direct/direct
c208-9:2279769:2279938 [1] NCCL INFO Channel 09 : 5[1] -> 4[0] via SHM/direct/direct
c208-9:2279769:2279938 [1] NCCL INFO Connected all rings
c208-9:2279769:2279938 [1] NCCL INFO Channel 03/0 : 5[1] -> 7[1] [send] via NET/IB/0
c208-9:2279769:2279938 [1] NCCL INFO Channel 04/0 : 5[1] -> 7[1] [send] via NET/IB/0
c208-9:2279769:2279938 [1] NCCL INFO Channel 00/0 : 2[0] -> 5[1] [receive] via NET/IB/0
c208-9:2279769:2279938 [1] NCCL INFO Channel 01/0 : 2[0] -> 5[1] [receive] via NET/IB/1
c208-9:2279769:2279938 [1] NCCL INFO Channel 02/0 : 2[0] -> 5[1] [receive] via NET/IB/0
c208-9:2279769:2279938 [1] NCCL INFO Channel 03/0 : 1[1] -> 5[1] [receive] via NET/IB/0
c208-9:2279769:2279938 [1] NCCL INFO Channel 04/0 : 1[1] -> 5[1] [receive] via NET/IB/0
c208-9:2279769:2279938 [1] NCCL INFO Channel 03/0 : 5[1] -> 1[1] [send] via NET/IB/0
c208-9:2279769:2279938 [1] NCCL INFO Channel 04/0 : 5[1] -> 1[1] [send] via NET/IB/0
c208-9:2279769:2279938 [1] NCCL INFO Channel 00/0 : 5[1] -> 2[0] [send] via NET/IB/0
c208-9:2279769:2279938 [1] NCCL INFO Channel 01/0 : 5[1] -> 2[0] [send] via NET/IB/1
c208-9:2279769:2279938 [1] NCCL INFO Channel 02/0 : 5[1] -> 2[0] [send] via NET/IB/0
c208-9:2279769:2279938 [1] NCCL INFO Channel 08/0 : 5[1] -> 2[0] [send] via NET/IB/0
c208-9:2279769:2279938 [1] NCCL INFO Channel 09/0 : 5[1] -> 2[0] [send] via NET/IB/0
c208-9:2279769:2279938 [1] NCCL INFO Channel 03/0 : 7[1] -> 5[1] [receive] via NET/IB/0
c208-9:2279769:2279938 [1] NCCL INFO Channel 04/0 : 7[1] -> 5[1] [receive] via NET/IB/0
c208-3:1339384:1339570 [1] NCCL INFO Trees [0] -1/-1/-1->3->2 [1] -1/-1/-1->3->2 [2] -1/-1/-1->3->2 [3] 2/-1/-1->3->4 [4] 2/-1/-1->3->4 [5] 4/-1/-1->3->2 [6] 4/-1/-1->3->2 [7] 4/-1/-1->3->2 [8] 2/1/-1->3->7 [9] 2/1/-1->3->7
c208-3:1339384:1339570 [1] NCCL INFO P2P Chunksize set to 131072
c208-3:1339384:1339570 [1] NCCL INFO Channel 00/0 : 3[1] -> 4[0] [send] via NET/IB/0
c208-3:1339384:1339570 [1] NCCL INFO Channel 01/0 : 3[1] -> 4[0] [send] via NET/IB/1
c208-3:1339384:1339570 [1] NCCL INFO Channel 02/0 : 3[1] -> 4[0] [send] via NET/IB/0
c208-3:1339384:1339570 [1] NCCL INFO Channel 05/0 : 3[1] -> 4[0] [send] via NET/IB/0
c208-3:1339384:1339570 [1] NCCL INFO Channel 06/0 : 3[1] -> 4[0] [send] via NET/IB/1
c208-3:1339384:1339570 [1] NCCL INFO Channel 07/0 : 3[1] -> 4[0] [send] via NET/IB/0
c208-3:1339384:1339570 [1] NCCL INFO Channel 03/0 : 0[0] -> 3[1] [receive] via NET/IB/0
c208-3:1339384:1339570 [1] NCCL INFO Channel 04/0 : 0[0] -> 3[1] [receive] via NET/IB/0
c208-9:2279769:2279938 [1] NCCL INFO Channel 00 : 5[1] -> 4[0] via SHM/direct/direct
c208-9:2279769:2279938 [1] NCCL INFO Channel 01 : 5[1] -> 4[0] via SHM/direct/direct
c208-9:2279769:2279938 [1] NCCL INFO Channel 02 : 5[1] -> 4[0] via SHM/direct/direct
c208-3:1339384:1339570 [1] NCCL INFO Channel 08/0 : 0[0] -> 3[1] [receive] via NET/IB/0
c208-3:1339384:1339570 [1] NCCL INFO Channel 09/0 : 0[0] -> 3[1] [receive] via NET/IB/0
c208-3:1339384:1339570 [1] NCCL INFO Channel 03 : 3[1] -> 2[0] via SHM/direct/direct
c208-3:1339384:1339570 [1] NCCL INFO Channel 04 : 3[1] -> 2[0] via SHM/direct/direct
c208-3:1339384:1339570 [1] NCCL INFO Channel 08 : 3[1] -> 2[0] via SHM/direct/direct
c208-3:1339384:1339570 [1] NCCL INFO Channel 09 : 3[1] -> 2[0] via SHM/direct/direct
c208-3:1339384:1339570 [1] NCCL INFO Connected all rings
c208-3:1339384:1339570 [1] NCCL INFO Channel 03/0 : 3[1] -> 4[0] [send] via NET/IB/0
c208-3:1339384:1339570 [1] NCCL INFO Channel 04/0 : 3[1] -> 4[0] [send] via NET/IB/0
c208-3:1339384:1339570 [1] NCCL INFO Channel 08/0 : 1[1] -> 3[1] [receive] via NET/IB/0
c208-3:1339384:1339570 [1] NCCL INFO Channel 09/0 : 1[1] -> 3[1] [receive] via NET/IB/0
c208-3:1339384:1339570 [1] NCCL INFO Channel 08/0 : 7[1] -> 3[1] [receive] via NET/IB/0
c208-3:1339384:1339570 [1] NCCL INFO Channel 09/0 : 7[1] -> 3[1] [receive] via NET/IB/0
c208-3:1339384:1339570 [1] NCCL INFO Channel 08/0 : 3[1] -> 7[1] [send] via NET/IB/0
c208-3:1339384:1339570 [1] NCCL INFO Channel 09/0 : 3[1] -> 7[1] [send] via NET/IB/0
c208-3:1339384:1339570 [1] NCCL INFO Channel 08/0 : 3[1] -> 1[1] [send] via NET/IB/0
c208-3:1339384:1339570 [1] NCCL INFO Channel 09/0 : 3[1] -> 1[1] [send] via NET/IB/0
c208-3:1339384:1339570 [1] NCCL INFO Channel 03/0 : 4[0] -> 3[1] [receive] via NET/IB/0
c208-3:1339384:1339570 [1] NCCL INFO Channel 04/0 : 4[0] -> 3[1] [receive] via NET/IB/0
c208-3:1339384:1339570 [1] NCCL INFO Channel 05/0 : 4[0] -> 3[1] [receive] via NET/IB/0
c208-3:1339384:1339570 [1] NCCL INFO Channel 06/0 : 4[0] -> 3[1] [receive] via NET/IB/1
c208-3:1339384:1339570 [1] NCCL INFO Channel 07/0 : 4[0] -> 3[1] [receive] via NET/IB/0
c208-3:1339384:1339570 [1] NCCL INFO Channel 00 : 3[1] -> 2[0] via SHM/direct/direct
c208-3:1339384:1339570 [1] NCCL INFO Channel 01 : 3[1] -> 2[0] via SHM/direct/direct
c208-3:1339384:1339570 [1] NCCL INFO Channel 02 : 3[1] -> 2[0] via SHM/direct/direct
c208-3:1339384:1339570 [1] NCCL INFO Channel 05 : 3[1] -> 2[0] via SHM/direct/direct
c208-11:3151407:3151407 [0] NCCL INFO cudaDriverVersion 12080
c208-11:3151407:3151407 [0] NCCL INFO Bootstrap : Using ib0:172.30.208.11<0>
c208-11:3151407:3151407 [0] NCCL INFO NET/Plugin : dlerror=libnccl-net.so: cannot open shared object file: No such file or directory No plugin found (libnccl-net.so), using internal implementation
c208-11:3151407:3151575 [0] NCCL INFO NCCL_IB_DISABLE set by environment to 0.
c208-11:3151407:3151575 [0] NCCL INFO NET/IB : Using [0]mlx5_2:1/IB [1]mlx5_bond_0:1/RoCE [RO]; OOB ib0:172.30.208.11<0>
c208-11:3151407:3151575 [0] NCCL INFO Using non-device net plugin version 0
c208-11:3151407:3151575 [0] NCCL INFO Using network IB
c208-11:3151407:3151575 [0] NCCL INFO comm 0x55a84bccfd60 rank 6 nranks 8 cudaDev 0 nvmlDev 0 busId 17000 commId 0x26c978f200d1671f - Init START
c208-11:3151407:3151575 [0] NCCL INFO Setting affinity for GPU 0 to ffff
c208-11:3151407:3151575 [0] NCCL INFO Trees [0] 7/-1/-1->6->4 [1] 7/-1/-1->6->4 [2] 7/-1/-1->6->4 [3] -1/-1/-1->6->7 [4] -1/-1/-1->6->7 [5] 7/2/-1->6->-1 [6] 7/2/-1->6->-1 [7] 7/2/-1->6->-1 [8] -1/-1/-1->6->7 [9] -1/-1/-1->6->7
c208-11:3151407:3151575 [0] NCCL INFO P2P Chunksize set to 131072
c208-11:3151407:3151575 [0] NCCL INFO Channel 00/0 : 5[1] -> 6[0] [receive] via NET/IB/0
c208-11:3151407:3151575 [0] NCCL INFO Channel 01/0 : 5[1] -> 6[0] [receive] via NET/IB/1
c208-11:3151407:3151575 [0] NCCL INFO Channel 02/0 : 5[1] -> 6[0] [receive] via NET/IB/0
c208-11:3151407:3151575 [0] NCCL INFO Channel 05/0 : 5[1] -> 6[0] [receive] via NET/IB/0
c208-11:3151407:3151575 [0] NCCL INFO Channel 06/0 : 5[1] -> 6[0] [receive] via NET/IB/1
c208-11:3151407:3151575 [0] NCCL INFO Channel 07/0 : 5[1] -> 6[0] [receive] via NET/IB/0
c208-11:3151407:3151575 [0] NCCL INFO Channel 00 : 6[0] -> 7[1] via SHM/direct/direct
c208-11:3151407:3151575 [0] NCCL INFO Channel 01 : 6[0] -> 7[1] via SHM/direct/direct
c208-11:3151407:3151575 [0] NCCL INFO Channel 02 : 6[0] -> 7[1] via SHM/direct/direct
c208-11:3151407:3151575 [0] NCCL INFO Channel 05 : 6[0] -> 7[1] via SHM/direct/direct
c208-11:3151407:3151575 [0] NCCL INFO Channel 06 : 6[0] -> 7[1] via SHM/direct/direct
c208-11:3151407:3151575 [0] NCCL INFO Channel 07 : 6[0] -> 7[1] via SHM/direct/direct
c208-11:3151407:3151575 [0] NCCL INFO Channel 03/0 : 6[0] -> 1[1] [send] via NET/IB/0
c208-11:3151407:3151575 [0] NCCL INFO Channel 04/0 : 6[0] -> 1[1] [send] via NET/IB/0
c208-11:3151407:3151575 [0] NCCL INFO Channel 08/0 : 6[0] -> 1[1] [send] via NET/IB/0
c208-11:3151407:3151575 [0] NCCL INFO Channel 09/0 : 6[0] -> 1[1] [send] via NET/IB/0
c208-11:3151407:3151575 [0] NCCL INFO Connected all rings
c208-11:3151407:3151575 [0] NCCL INFO Channel 03 : 6[0] -> 7[1] via SHM/direct/direct
c208-11:3151407:3151575 [0] NCCL INFO Channel 04 : 6[0] -> 7[1] via SHM/direct/direct
c208-11:3151407:3151575 [0] NCCL INFO Channel 08 : 6[0] -> 7[1] via SHM/direct/direct
c208-11:3151407:3151575 [0] NCCL INFO Channel 09 : 6[0] -> 7[1] via SHM/direct/direct
c208-11:3151407:3151575 [0] NCCL INFO Channel 00/0 : 4[0] -> 6[0] [receive] via NET/IB/0
c208-11:3151407:3151575 [0] NCCL INFO Channel 01/0 : 4[0] -> 6[0] [receive] via NET/IB/1
c208-11:3151407:3151575 [0] NCCL INFO Channel 02/0 : 4[0] -> 6[0] [receive] via NET/IB/0
c208-11:3151407:3151575 [0] NCCL INFO Channel 05/0 : 2[0] -> 6[0] [receive] via NET/IB/0
c208-11:3151407:3151575 [0] NCCL INFO Channel 06/0 : 2[0] -> 6[0] [receive] via NET/IB/1
c208-11:3151407:3151575 [0] NCCL INFO Channel 07/0 : 2[0] -> 6[0] [receive] via NET/IB/0
c208-11:3151407:3151575 [0] NCCL INFO Channel 05/0 : 6[0] -> 2[0] [send] via NET/IB/0
c208-11:3151407:3151575 [0] NCCL INFO Channel 06/0 : 6[0] -> 2[0] [send] via NET/IB/1
c208-11:3151407:3151575 [0] NCCL INFO Channel 07/0 : 6[0] -> 2[0] [send] via NET/IB/0
c208-11:3151407:3151575 [0] NCCL INFO Channel 00/0 : 6[0] -> 4[0] [send] via NET/IB/0
c208-11:3151407:3151575 [0] NCCL INFO Channel 01/0 : 6[0] -> 4[0] [send] via NET/IB/1
c208-11:3151407:3151575 [0] NCCL INFO Channel 02/0 : 6[0] -> 4[0] [send] via NET/IB/0
c208-11:3151407:3151575 [0] NCCL INFO Connected all trees
Rank 7: 跨节点DDP配置
Rank 7: Master节点: a100-6
Rank 7: Master端口: 15135
Rank 7: World size: 8, Local rank: 1
Rank 7: 连接到 a100-6:15135
checkpoint directory created: ./model
saving model version 0.0
使用DistributedDataParallel，进程数: 8
c208-9:2279768:2279939 [0] NCCL INRank 4: 跨节点DDP配置
Rank 4: Master节点: a100-6
Rank 4: Master端口: 15135
Rank 4: World size: 8, Local rank: 0
Rank 4: 连接到 a100-6:15135
checkpoint directory created: ./model
saving model version 0.0
使用DistributedDataParallel，进程数: 8
c208-9:2279769:2279938 [1] NCRank 5: 跨节点DDP配置
Rank 5: Master节点: a100-6
Rank 5: Master端口: 15135
Rank 5: World size: 8, Local rank: 1
Rank 5: 连接到 a100-6:15135
checkpoint directory created: ./model
saving model version 0.0
使用DistributedDataParallel，进程数: 8
c208-11:31514Rank 6: 跨节点DDP配置
Rank 6: Master节点: a100-6
Rank 6: Master端口: 15135
Rank 6: World size: 8, Local rank: 0
Rank 6: 连接到 a100-6:15135
checkpoint directory created: ./model
saving model version 0.0
使用DistributedDataParallel，进程数: 8
c208-3:1339383:1339569 [0] NCCL INRank 2: 跨节点DDP配置
Rank 2: Master节点: a100-6
Rank 2: Master端口: 15135
Rank 2: World size: 8, Local rank: 0
Rank 2: 连接到 a100-6:15135
checkpoint directory created: ./model
saving model version 0.0
使用DistributedDataParallel，进程数: 8
c207-6:2453935:2454106 Rank 0: 跨节点DDP配置
Rank 0: Master节点: a100-6
Rank 0: Master端口: 15135
Rank 0: World size: 8, Local rank: 0
Rank 0: 连接到 a100-6:15135
=== KAN并行化最小可行性测试 ===
测试类型: communication_overhead_analysis
模式: DDP
数据集大小: 50,000样本
参数: K=3, Grid=10, Width=64
设备: cuda:0, GPU数量: 8, 节点数量: 4
批次大小: 512, 训练轮数: 40
checkpoint directory created: ./model
saving model version 0.0
使用DistributedDataParallel，进程数: 8
总参数数: 5,414
GPU预热中...
c208-3:1339384:1339570 Rank 3: 跨节点DDP配置
Rank 3: Master节点: a100-6
Rank 3: Master端口: 15135
Rank 3: World size: 8, Local rank: 1
Rank 3: 连接到 a100-6:15135
checkpoint directory created: ./model
saving model version 0.0
使用DistributedDataParallel，进程数: 8
Rank 1: 跨节点DDP配置
Rank 1: Master节点: a100-6
Rank 1: Master端口: 15135
Rank 1: World size: 8, Local rank: 1
Rank 1: 连接到 a100-6:15135
checkpoint directory created: ./model
saving model version 0.0
使用DistributedDataParallel，进程数: 8
Epoch  0/40: Loss=9.503399, Time=2.56s, Throughput=2439.1 samples/s, CommOverhead=6.3%, GPU=0.04GB
Epoch  5/40: Loss=5.146958, Time=2.00s, Throughput=3122.8 samples/s, CommOverhead=4.2%, GPU=0.04GB
Epoch 10/40: Loss=2.641963, Time=2.00s, Throughput=3119.7 samples/s, CommOverhead=5.9%, GPU=0.04GB
Epoch 15/40: Loss=1.871977, Time=2.00s, Throughput=3127.6 samples/s, CommOverhead=5.9%, GPU=0.04GB
Epoch 20/40: Loss=1.247958, Time=1.99s, Throughput=3138.3 samples/s, CommOverhead=3.2%, GPU=0.04GB
Epoch 25/40: Loss=0.627598, Time=2.00s, Throughput=3124.5 samples/s, CommOverhead=4.6%, GPU=0.04GB
Epoch 30/40: Loss=0.287334, Time=1.99s, Throughput=3140.3 samples/s, CommOverhead=4.5%, GPU=0.04GB
Epoch 35/40: Loss=0.162315, Time=1.99s, Throughput=3136.6 samples/s, CommOverhead=5.2%, GPU=0.04GB
c208-11:3151408:3151408 [1] NCCL INFO cudaDriverVersion 12080
c208-11:3151408:3151408 [1] NCCL INFO Bootstrap : Using ib0:172.30.208.11<0>
c208-11:3151408:3151408 [1] NCCL INFO NET/Plugin : dlerror=libnccl-net.so: cannot open shared object file: No such file or directory No plugin found (libnccl-net.so), using internal implementation
c208-11:3151408:3151574 [1] NCCL INFO NCCL_IB_DISABLE set by environment to 0.
c208-11:3151408:3151574 [1] NCCL INFO NET/IB : Using [0]mlx5_2:1/IB [1]mlx5_bond_0:1/RoCE [RO]; OOB ib0:172.30.208.11<0>
c208-11:3151408:3151574 [1] NCCL INFO Using non-device net plugin version 0
c208-11:3151408:3151574 [1] NCCL INFO Using network IB
c208-11:3151408:3151574 [1] NCCL INFO comm 0x5631deecc900 rank 7 nranks 8 cudaDev 1 nvmlDev 1 busId 98000 commId 0x26c978f200d1671f - Init START
c208-11:3151408:3151574 [1] NCCL INFO Setting affinity for GPU 1 to ffff,00000000
c208-11:3151408:3151574 [1] NCCL INFO Trees [0] -1/-1/-1->7->6 [1] -1/-1/-1->7->6 [2] -1/-1/-1->7->6 [3] 6/-1/-1->7->5 [4] 6/-1/-1->7->5 [5] -1/-1/-1->7->6 [6] -1/-1/-1->7->6 [7] -1/-1/-1->7->6 [8] 6/3/-1->7->-1 [9] 6/3/-1->7->-1
c208-11:3151408:3151574 [1] NCCL INFO P2P Chunksize set to 131072
c208-11:3151408:3151574 [1] NCCL INFO Channel 00/0 : 7[1] -> 0[0] [send] via NET/IB/0
c208-11:3151408:3151574 [1] NCCL INFO Channel 01/0 : 7[1] -> 0[0] [send] via NET/IB/1
c208-11:3151408:3151574 [1] NCCL INFO Channel 02/0 : 7[1] -> 0[0] [send] via NET/IB/0
c208-11:3151408:3151574 [1] NCCL INFO Channel 05/0 : 7[1] -> 0[0] [send] via NET/IB/0
c208-11:3151408:3151574 [1] NCCL INFO Channel 06/0 : 7[1] -> 0[0] [send] via NET/IB/1
c208-11:3151408:3151574 [1] NCCL INFO Channel 07/0 : 7[1] -> 0[0] [send] via NET/IB/0
c208-11:3151408:3151574 [1] NCCL INFO Channel 03/0 : 4[0] -> 7[1] [receive] via NET/IB/0
c208-11:3151408:3151574 [1] NCCL INFO Channel 04/0 : 4[0] -> 7[1] [receive] via NET/IB/0
c208-11:3151408:3151574 [1] NCCL INFO Channel 08/0 : 4[0] -> 7[1] [receive] via NET/IB/0
c208-11:3151408:3151574 [1] NCCL INFO Channel 09/0 : 4[0] -> 7[1] [receive] via NET/IB/0
c208-11:3151408:3151574 [1] NCCL INFO Channel 03 : 7[1] -> 6[0] via SHM/direct/direct
c208-11:3151408:3151574 [1] NCCL INFO Channel 04 : 7[1] -> 6[0] via SHM/direct/direct
c208-11:3151408:3151574 [1] NCCL INFO Channel 08 : 7[1] -> 6[0] via SHM/direct/direct
c208-11:3151408:3151574 [1] NCCL INFO Channel 09 : 7[1] -> 6[0] via SHM/direct/direct
c208-11:3151408:3151574 [1] NCCL INFO Connected all rings
c208-11:3151408:3151574 [1] NCCL INFO Channel 03/0 : 5[1] -> 7[1] [receive] via NET/IB/0
c208-11:3151408:3151574 [1] NCCL INFO Channel 04/0 : 5[1] -> 7[1] [receive] via NET/IB/0
c208-11:3151408:3151574 [1] NCCL INFO Channel 08/0 : 3[1] -> 7[1] [receive] via NET/IB/0
c208-11:3151408:3151574 [1] NCCL INFO Channel 09/0 : 3[1] -> 7[1] [receive] via NET/IB/0
c208-11:3151408:3151574 [1] NCCL INFO Channel 08/0 : 7[1] -> 3[1] [send] via NET/IB/0
c208-11:3151408:3151574 [1] NCCL INFO Channel 09/0 : 7[1] -> 3[1] [send] via NET/IB/0
c208-11:3151408:3151574 [1] NCCL INFO Channel 03/0 : 7[1] -> 5[1] [send] via NET/IB/0
c208-11:3151408:3151574 [1] NCCL INFO Channel 04/0 : 7[1] -> 5[1] [send] via NET/IB/0
c208-11:3151408:3151574 [1] NCCL INFO Channel 00 : 7[1] -> 6[0] via SHM/direct/direct
c208-11:3151408:3151574 [1] NCCL INFO Channel 01 : 7[1] -> 6[0] via SHM/direct/direct
c208-11:3151408:3151574 [1] NCCL INFO Channel 02 : 7[1] -> 6[0] via SHM/direct/direct
c208-11:3151408:3151574 [1] NCCL INFO Channel 05 : 7[1] -> 6[0] via SHM/direct/direct
c208-11:3151408:3151574 [1] NCCL INFO Channel 06 : 7[1] -> 6[0] via SHM/direct/direct
c208-11:3151408:3151574 [1] NCCL INFO Channel 07 : 7[1] -> 6[0] via SHM/direct/direct
c208-11:3151408:3151574 [1] NCCL INFO Connected all trees
c208-11:3151408:3151574 [1] NCCL INFO threadThresholds 8/8/64 | 64/8/64 | 512 | 512
c208-11:3151408:3151574 [1] NCCL INFO 10 coll channels, 0 nvls channels, 16 p2p channels, 2 p2p channels per peer
c208-11:3151408:3151574 [1] NCCL INFO comm 0x5631deecc900 rank 7 nranks 8 cudaDev 1 nvmlDev 1 busId 98000 commId 0x26c978f200d1671f - Init COMPLETE
c207-6:2453936:2453936 [1] NCCL INFO cudaDriverVersion 12080
c207-6:2453936:2453936 [1] NCCL INFO Bootstrap : Using ib0:172.30.207.6<0>
c207-6:2453936:2453936 [1] NCCL INFO NET/Plugin : dlerror=libnccl-net.so: cannot open shared object file: No such file or directory No plugin found (libnccl-net.so), using internal implementation
c207-6:2453936:2454105 [1] NCCL INFO NCCL_IB_DISABLE set by environment to 0.
c207-6:2453936:2454105 [1] NCCL INFO NET/IB : Using [0]mlx5_2:1/IB [1]mlx5_bond_0:1/RoCE [RO]; OOB ib0:172.30.207.6<0>
c207-6:2453936:2454105 [1] NCCL INFO Using non-device net plugin version 0
c207-6:2453936:2454105 [1] NCCL INFO Using network IB
c207-6:2453936:2454105 [1] NCCL INFO comm 0x556c1d96a390 rank 1 nranks 8 cudaDev 1 nvmlDev 1 busId 98000 commId 0x26c978f200d1671f - Init START
c207-6:2453936:2454105 [1] NCCL INFO Setting affinity for GPU 1 to ffff,00000000
c207-6:2453936:2454105 [1] NCCL INFO Trees [0] -1/-1/-1->1->0 [1] -1/-1/-1->1->0 [2] -1/-1/-1->1->0 [3] 0/5/-1->1->-1 [4] 0/5/-1->1->-1 [5] -1/-1/-1->1->0 [6] -1/-1/-1->1->0 [7] -1/-1/-1->1->0 [8] 0/-1/-1->1->3 [9] 0/-1/-1->1->3
c207-6:2453936:2454105 [1] NCCL INFO P2P Chunksize set to 131072
c207-6:2453936:2454105 [1] NCCL INFO Channel 00/0 : 1[1] -> 2[0] [send] via NET/IB/0
c207-6:2453936:2454105 [1] NCCL INFO Channel 01/0 : 1[1] -> 2[0] [send] via NET/IB/1
c207-6:2453936:2454105 [1] NCCL INFO Channel 02/0 : 1[1] -> 2[0] [send] via NET/IB/0
c207-6:2453936:2454105 [1] NCCL INFO Channel 05/0 : 1[1] -> 2[0] [send] via NET/IB/0
c207-6:2453936:2454105 [1] NCCL INFO Channel 06/0 : 1[1] -> 2[0] [send] via NET/IB/1
c207-6:2453936:2454105 [1] NCCL INFO Channel 07/0 : 1[1] -> 2[0] [send] via NET/IB/0
c207-6:2453936:2454105 [1] NCCL INFO Channel 03/0 : 6[0] -> 1[1] [receive] via NET/IB/0
c207-6:2453936:2454105 [1] NCCL INFO Channel 04/0 : 6[0] -> 1[1] [receive] via NET/IB/0
c207-6:2453936:2454105 [1] NCCL INFO Channel 08/0 : 6[0] -> 1[1] [receive] via NET/IB/0
c207-6:2453936:2454105 [1] NCCL INFO Channel 09/0 : 6[0] -> 1[1] [receive] via NET/IB/0
c207-6:2453936:2454105 [1] NCCL INFO Channel 03 : 1[1] -> 0[0] via SHM/direct/direct
c207-6:2453936:2454105 [1] NCCL INFO Channel 04 : 1[1] -> 0[0] via SHM/direct/direct
c207-6:2453936:2454105 [1] NCCL INFO Channel 08 : 1[1] -> 0[0] via SHM/direct/direct
c207-6:2453936:2454105 [1] NCCL INFO Channel 09 : 1[1] -> 0[0] via SHM/direct/direct
c207-6:2453936:2454105 [1] NCCL INFO Connected all rings
c207-6:2453936:2454105 [1] NCCL INFO Channel 08/0 : 1[1] -> 3[1] [send] via NET/IB/0
c207-6:2453936:2454105 [1] NCCL INFO Channel 09/0 : 1[1] -> 3[1] [send] via NET/IB/0
c207-6:2453936:2454105 [1] NCCL INFO Channel 03/0 : 5[1] -> 1[1] [receive] via NET/IB/0
c207-6:2453936:2454105 [1] NCCL INFO Channel 04/0 : 5[1] -> 1[1] [receive] via NET/IB/0
c207-6:2453936:2454105 [1] NCCL INFO Channel 03/0 : 1[1] -> 5[1] [send] via NET/IB/0
c207-6:2453936:2454105 [1] NCCL INFO Channel 04/0 : 1[1] -> 5[1] [send] via NET/IB/0
c207-6:2453936:2454105 [1] NCCL INFO Channel 08/0 : 3[1] -> 1[1] [receive] via NET/IB/0
c207-6:2453936:2454105 [1] NCCL INFO Channel 09/0 : 3[1] -> 1[1] [receive] via NET/IB/0
c207-6:2453936:2454105 [1] NCCL INFO Channel 00 : 1[1] -> 0[0] via SHM/direct/direct
c207-6:2453936:2454105 [1] NCCL INFO Channel 01 : 1[1] -> 0[0] via SHM/direct/direct
c207-6:2453936:2454105 [1] NCCL INFO Channel 02 : 1[1] -> 0[0] via SHM/direct/direct
c207-6:2453936:2454105 [1] NCCL INFO Channel 05 : 1[1] -> 0[0] via SHM/direct/direct
c207-6:2453936:2454105 [1] NCCL INFO Channel 06 : 1[1] -> 0[0] via SHM/direct/direct
c207-6:2453936:2454105 [1] NCCL INFO Channel 07 : 1[1] -> 0[0] via SHM/direct/direct
c207-6:2453936:2454105 [1] NCCL INFO Connected all trees
c207-6:2453936:2454105 [1] NCCL INFO threadThresholds 8/8/64 | 64/8/64 | 512 | 512
c207-6:2453936:2454105 [1] NCCL INFO 10 coll channels, 0 nvls channels, 16 p2p channels, 2 p2p channels per peer
c207-6:2453936:2454105 [1] NCCL INFO comm 0x556c1d96a390 rank 1 nranks 8 cudaDev 1 nvmlDev 1 busId 98000 commId 0x26c978f200d1671f - Init COMPLETE
Epoch 39/40: Loss=0.137915, Time=1.99s, Throughput=3135.8 samples/s, CommOverhead=4.3%, GPU=0.04GB

=== 训练完成 ===
测试类型: communication_overhead_analysis
总训练时间: 80.63秒
平均吞吐量: 24877.1 samples/s (总计), 3109.6 samples/s (每GPU)
平均通信开销: 4.6%
最终损失: 0.137915
峰值GPU内存: 0.06GB
c207-6:2453936:2454112 [1] NCCL INFO [Service thread] Connection closed by localRank 1
c207-6:2453936:2453936 [1] NCCL INFO comm 0x556c1d96a390 rank 1 nranks 8 cudaDev 1 busId 98000 - Abort COMPLETE
[0] NCCL INFO Channel 01/0 : 0[0] -> 4[0] [send] via NET/IB/1
c207-6:2453935:2454106 [0] NCCL INFO Channel 02/0 : 0[0] -> 4[0] [send] via NET/IB/0
c207-6:2453935:2454106 [0] NCCL INFO Channel 05/0 : 2[0] -> 0[0] [receive] via NET/IB/0
c207-6:2453935:2454106 [0] NCCL INFO Channel 06/0 : 2[0] -> 0[0] [receive] via NET/IB/1
c207-6:2453935:2454106 [0] NCCL INFO Channel 07/0 : 2[0] -> 0[0] [receive] via NET/IB/0
c207-6:2453935:2454106 [0] NCCL INFO Connected all trees
c207-6:2453935:2454106 [0] NCCL INFO threadThresholds 8/8/64 | 64/8/64 | 512 | 512
c207-6:2453935:2454106 [0] NCCL INFO 10 coll channels, 0 nvls channels, 16 p2p channels, 2 p2p channels per peer
c207-6:2453935:2454106 [0] NCCL INFO comm 0x55a39ef243f0 rank 0 nranks 8 cudaDev 0 nvmlDev 0 busId 17000 commId 0x26c978f200d1671f - Init COMPLETE
c207-6:2453935:2454111 [0] NCCL INFO [Service thread] Connection closed by localRank 0
c207-6:2453935:2453935 [0] NCCL INFO comm 0x55a39ef243f0 rank 0 nranks 8 cudaDev 0 busId 17000 - Abort COMPLETE
c208-11:3151408:3151582 [1] NCCL INFO [Service thread] Connection closed by localRank 1
c208-11:3151408:3151408 [1] NCCL INFO comm 0x5631deecc900 rank 7 nranks 8 cudaDev 1 busId 98000 - Abort COMPLETE
CL INFO Channel 05 : 5[1] -> 4[0] via SHM/direct/direct
c208-9:2279769:2279938 [1] NCCL INFO Channel 06 : 5[1] -> 4[0] via SHM/direct/direct
c208-9:2279769:2279938 [1] NCCL INFO Channel 07 : 5[1] -> 4[0] via SHM/direct/direct
c208-9:2279769:2279938 [1] NCCL INFO Connected all trees
c208-9:2279769:2279938 [1] NCCL INFO threadThresholds 8/8/64 | 64/8/64 | 512 | 512
c208-9:2279769:2279938 [1] NCCL INFO 10 coll channels, 0 nvls channels, 16 p2p channels, 2 p2p channels per peer
c208-9:2279769:2279938 [1] NCCL INFO comm 0x55f03b480e80 rank 5 nranks 8 cudaDev 1 nvmlDev 1 busId 98000 commId 0x26c978f200d1671f - Init COMPLETE
c208-9:2279769:2279944 [1] NCCL INFO [Service thread] Connection closed by localRank 1
c208-9:2279769:2279769 [1] NCCL INFO comm 0x55f03b480e80 rank 5 nranks 8 cudaDev 1 busId 98000 - Abort COMPLETE
07:3151575 [0] NCCL INFO threadThresholds 8/8/64 | 64/8/64 | 512 | 512
c208-11:3151407:3151575 [0] NCCL INFO 10 coll channels, 0 nvls channels, 16 p2p channels, 2 p2p channels per peer
c208-11:3151407:3151575 [0] NCCL INFO comm 0x55a84bccfd60 rank 6 nranks 8 cudaDev 0 nvmlDev 0 busId 17000 commId 0x26c978f200d1671f - Init COMPLETE
c208-11:3151407:3151583 [0] NCCL INFO [Service thread] Connection closed by localRank 0
c208-11:3151407:3151407 [0] NCCL INFO comm 0x55a84bccfd60 rank 6 nranks 8 cudaDev 0 busId 17000 - Abort COMPLETE
FO Channel 02/0 : 6[0] -> 4[0] [receive] via NET/IB/0
c208-9:2279768:2279939 [0] NCCL INFO Channel 03/0 : 4[0] -> 3[1] [send] via NET/IB/0
c208-9:2279768:2279939 [0] NCCL INFO Channel 04/0 : 4[0] -> 3[1] [send] via NET/IB/0
c208-9:2279768:2279939 [0] NCCL INFO Channel 05/0 : 4[0] -> 3[1] [send] via NET/IB/0
c208-9:2279768:2279939 [0] NCCL INFO Channel 06/0 : 4[0] -> 3[1] [send] via NET/IB/1
c208-9:2279768:2279939 [0] NCCL INFO Channel 07/0 : 4[0] -> 3[1] [send] via NET/IB/0
c208-9:2279768:2279939 [0] NCCL INFO Connected all trees
c208-9:2279768:2279939 [0] NCCL INFO threadThresholds 8/8/64 | 64/8/64 | 512 | 512
c208-9:2279768:2279939 [0] NCCL INFO 10 coll channels, 0 nvls channels, 16 p2p channels, 2 p2p channels per peer
c208-9:2279768:2279939 [0] NCCL INFO comm 0x55674ced1de0 rank 4 nranks 8 cudaDev 0 nvmlDev 0 busId 17000 commId 0x26c978f200d1671f - Init COMPLETE
c208-9:2279768:2279945 [0] NCCL INFO [Service thread] Connection closed by localRank 0
c208-9:2279768:2279768 [0] NCCL INFO comm 0x55674ced1de0 rank 4 nranks 8 cudaDev 0 busId 17000 - Abort COMPLETE
[1] NCCL INFO Channel 06 : 3[1] -> 2[0] via SHM/direct/direct
c208-3:1339384:1339570 [1] NCCL INFO Channel 07 : 3[1] -> 2[0] via SHM/direct/direct
c208-3:1339384:1339570 [1] NCCL INFO Connected all trees
c208-3:1339384:1339570 [1] NCCL INFO threadThresholds 8/8/64 | 64/8/64 | 512 | 512
c208-3:1339384:1339570 [1] NCCL INFO 10 coll channels, 0 nvls channels, 16 p2p channels, 2 p2p channels per peer
c208-3:1339384:1339570 [1] NCCL INFO comm 0x562afaeed860 rank 3 nranks 8 cudaDev 1 nvmlDev 1 busId 98000 commId 0x26c978f200d1671f - Init COMPLETE
c208-3:1339384:1339577 [1] NCCL INFO [Service thread] Connection closed by localRank 1
c208-3:1339384:1339384 [1] NCCL INFO comm 0x562afaeed860 rank 3 nranks 8 cudaDev 1 busId 98000 - Abort COMPLETE
FO Channel 01/0 : 5[1] -> 2[0] [receive] via NET/IB/1
c208-3:1339383:1339569 [0] NCCL INFO Channel 02/0 : 5[1] -> 2[0] [receive] via NET/IB/0
c208-3:1339383:1339569 [0] NCCL INFO Channel 08/0 : 5[1] -> 2[0] [receive] via NET/IB/0
c208-3:1339383:1339569 [0] NCCL INFO Channel 09/0 : 5[1] -> 2[0] [receive] via NET/IB/0
c208-3:1339383:1339569 [0] NCCL INFO Channel 05/0 : 2[0] -> 0[0] [send] via NET/IB/0
c208-3:1339383:1339569 [0] NCCL INFO Channel 06/0 : 2[0] -> 0[0] [send] via NET/IB/1
c208-3:1339383:1339569 [0] NCCL INFO Channel 07/0 : 2[0] -> 0[0] [send] via NET/IB/0
c208-3:1339383:1339569 [0] NCCL INFO Connected all trees
c208-3:1339383:1339569 [0] NCCL INFO threadThresholds 8/8/64 | 64/8/64 | 512 | 512
c208-3:1339383:1339569 [0] NCCL INFO 10 coll channels, 0 nvls channels, 16 p2p channels, 2 p2p channels per peer
c208-3:1339383:1339569 [0] NCCL INFO comm 0x555ec1b79ac0 rank 2 nranks 8 cudaDev 0 nvmlDev 0 busId 17000 commId 0x26c978f200d1671f - Init COMPLETE
c208-3:1339383:1339578 [0] NCCL INFO [Service thread] Connection closed by localRank 0
c208-3:1339383:1339383 [0] NCCL INFO comm 0x555ec1b79ac0 rank 2 nranks 8 cudaDev 0 busId 17000 - Abort COMPLETE
测试完成时间: Sun Jul 20 21:14:03 CEST 2025
生成的结果文件:
-rw-r--r-- 1 curso349 ulc 22514 Jul 20 21:14 results/communication_inter_n4g8_ddp_performance.json
-rw-r--r-- 1 curso349 ulc   547 Jul 20 21:14 results/communication_inter_n4g8_ddp_summary.txt
-rw-r--r-- 1 curso349 ulc 11335 Jul 20 21:14 results/communication_inter_n4g8_ddp_training_results.csv
GPU内存使用情况:
1, 40960
1, 40960
1, 40960
1, 40960
1, 40960
1, 40960
1, 40960
1, 40960
1, 40960
1, 40960
1, 40960
1, 40960
1, 40960
1, 40960
1, 40960
1, 40960
作业完成: Sun Jul 20 21:14:03 CEST 2025
