slurmstepd: info: Setting TMPDIR to /scratch/14994790. Previous errors about TMPDIR can be discarded
单节点DDP配置: Master=localhost:12355
=== 通信开销测试（固定50K样本）: communication_intra_n1g2 ===
节点数: 1
总GPU数: 2
作业ID: 14994790
GPU类型: 普通A100节点
CPU核心: 64 (2×32)
描述: 2GPU节点内通信
开始时间: Sun Jul 20 20:17:25 CEST 2025
Rank 1: 跨节点DDP配置
Rank 1: Master节点: localhost
Rank 1: Master端口: 12355
Rank 1: World size: 2, Local rank: 1
Rank 1: 连接到 localhost:12355
checkpoint directory created: ./model
saving model version 0.0
使用DistributedDataParallel，进程数: 2
Rank 0: 跨节点DDP配置
Rank 0: Master节点: localhost
Rank 0: Master端口: 12355
Rank 0: World size: 2, Local rank: 0
Rank 0: 连接到 localhost:12355
=== KAN并行化最小可行性测试 ===
测试类型: communication_overhead_analysis
模式: DDP
数据集大小: 50,000样本
参数: K=3, Grid=10, Width=64
设备: cuda:0, GPU数量: 2, 节点数量: 1
批次大小: 512, 训练轮数: 40
checkpoint directory created: ./model
saving model version 0.0
使用DistributedDataParallel，进程数: 2
总参数数: 5,414
GPU预热中...
Epoch  0/40: Loss=8.161595, Time=7.82s, Throughput=3196.1 samples/s, CommOverhead=1.3%, GPU=0.04GB
Epoch  5/40: Loss=0.803225, Time=7.25s, Throughput=3447.8 samples/s, CommOverhead=1.2%, GPU=0.04GB
Epoch 10/40: Loss=0.111635, Time=7.21s, Throughput=3465.7 samples/s, CommOverhead=1.2%, GPU=0.04GB
Epoch 15/40: Loss=0.090671, Time=7.22s, Throughput=3462.7 samples/s, CommOverhead=1.2%, GPU=0.04GB
Epoch 20/40: Loss=0.077043, Time=7.20s, Throughput=3471.9 samples/s, CommOverhead=1.3%, GPU=0.04GB
Epoch 25/40: Loss=0.065472, Time=7.39s, Throughput=3384.7 samples/s, CommOverhead=1.3%, GPU=0.04GB
Epoch 30/40: Loss=0.057388, Time=7.19s, Throughput=3476.8 samples/s, CommOverhead=1.2%, GPU=0.04GB
Epoch 35/40: Loss=0.049054, Time=7.21s, Throughput=3466.9 samples/s, CommOverhead=1.2%, GPU=0.04GB
Epoch 39/40: Loss=0.041751, Time=7.20s, Throughput=3471.8 samples/s, CommOverhead=1.4%, GPU=0.04GB

=== 训练完成 ===
测试类型: communication_overhead_analysis
总训练时间: 289.24秒
平均吞吐量: 6918.4 samples/s (总计), 3459.2 samples/s (每GPU)
平均通信开销: 1.3%
最终损失: 0.041751
峰值GPU内存: 0.06GB
=== 测试完成 ===
结束时间: Sun Jul 20 20:22:22 CEST 2025
查找结果文件...
SUCCESS: 测试结果已保存到: ./results/communication_intra_n1g2_ddp_performance.json
RESULTS: 快速查看
  总训练时间: 289.24秒
  平均通信开销: 1.3%
