slurmstepd: info: Setting TMPDIR to /scratch/14995222. Previous errors about TMPDIR can be discarded
跨节点DDP配置: Master=a100-19:15222
=== 模型扩展性测试（固定50K样本）: model_scaling_small_n2g4 ===
节点数: 2
总GPU数: 4
作业ID: 14995222
GPU类型: 普通A100节点
CPU核心: 128 (4×32)
描述: 小型模型(~1K参数)4GPU
开始时间: Sun Jul 20 21:14:38 CEST 2025
节点列表: a100-[19,25]
Master节点: a100-19
Master端口: 15222
检查节点连通性...
c208-3
c208-3
c208-9
c208-9
c208-3:1341864:1341864 [0] NCCL INFO Bootstrap : Using ib0:172.30.208.3<0>
c208-3:1341864:1341864 [0] NCCL INFO NET/Plugin : dlerror=libnccl-net.so: cannot open shared object file: No such file or directory No plugin found (libnccl-net.so), using internal implementation
c208-3:1341864:1341864 [0] NCCL INFO cudaDriverVersion 12080
NCCL version 2.19.3+cuda12.1
c208-3:1341864:1342084 [0] NCCL INFO NCCL_IB_DISABLE set by environment to 0.
c208-3:1341864:1342084 [0] NCCL INFO NET/IB : Using [0]mlx5_2:1/IB [1]mlx5_bond_0:1/RoCE [RO]; OOB ib0:172.30.208.3<0>
c208-3:1341864:1342084 [0] NCCL INFO Using non-device net plugin version 0
c208-3:1341864:1342084 [0] NCCL INFO Using network IB
c208-3:1341864:1342084 [0] NCCL INFO comm 0x563547c3a0e0 rank 0 nranks 4 cudaDev 0 nvmlDev 0 busId 17000 commId 0x3cdc4259f6de9bd0 - Init START
c208-3:1341864:1342084 [0] NCCL INFO Setting affinity for GPU 0 to ffff
c208-3:1341864:1342084 [0] NCCL INFO Channel 00/10 :    0   1   2   3
c208-3:1341864:1342084 [0] NCCL INFO Channel 01/10 :    0   1   2   3
c208-3:1341864:1342084 [0] NCCL INFO Channel 02/10 :    0   1   2   3
c208-3:1341864:1342084 [0] NCCL INFO Channel 03/10 :    0   3   2   1
c208-3:1341864:1342084 [0] NCCL INFO Channel 04/10 :    0   3   2   1
c208-3:1341864:1342084 [0] NCCL INFO Channel 05/10 :    0   1   2   3
c208-3:1341864:1342084 [0] NCCL INFO Channel 06/10 :    0   1   2   3
c208-3:1341864:1342084 [0] NCCL INFO Channel 07/10 :    0   1   2   3
c208-3:1341864:1342084 [0] NCCL INFO Channel 08/10 :    0   3   2   1
c208-3:1341864:1342084 [0] NCCL INFO Channel 09/10 :    0   3   2   1
c208-3:1341864:1342084 [0] NCCL INFO Trees [0] 1/2/-1->0->-1 [1] 1/2/-1->0->-1 [2] 1/2/-1->0->-1 [3] -1/-1/-1->0->1 [4] -1/-1/-1->0->1 [5] 1/-1/-1->0->2 [6] 1/-1/-1->0->2 [7] 1/-1/-1->0->2 [8] -1/-1/-1->0->1 [9] -1/-1/-1->0->1
c208-3:1341864:1342084 [0] NCCL INFO P2P Chunksize set to 131072
c208-3:1341864:1342084 [0] NCCL INFO Channel 00/0 : 3[1] -> 0[0] [receive] via NET/IB/0
c208-3:1341864:1342084 [0] NCCL INFO Channel 01/0 : 3[1] -> 0[0] [receive] via NET/IB/1
c208-3:1341864:1342084 [0] NCCL INFO Channel 02/0 : 3[1] -> 0[0] [receive] via NET/IB/0
c208-3:1341864:1342084 [0] NCCL INFO Channel 05/0 : 3[1] -> 0[0] [receive] via NET/IB/0
c208-3:1341864:1342084 [0] NCCL INFO Channel 06/0 : 3[1] -> 0[0] [receive] via NET/IB/1
c208-3:1341864:1342084 [0] NCCL INFO Channel 07/0 : 3[1] -> 0[0] [receive] via NET/IB/0
c208-3:1341864:1342084 [0] NCCL INFO Channel 00 : 0[0] -> 1[1] via SHM/direct/direct
c208-3:1341864:1342084 [0] NCCL INFO Channel 01 : 0[0] -> 1[1] via SHM/direct/direct
c208-3:1341864:1342084 [0] NCCL INFO Channel 02 : 0[0] -> 1[1] via SHM/direct/direct
c208-3:1341864:1342084 [0] NCCL INFO Channel 05 : 0[0] -> 1[1] via SHM/direct/direct
c208-3:1341864:1342084 [0] NCCL INFO Channel 06 : 0[0] -> 1[1] via SHM/direct/direct
c208-3:1341864:1342084 [0] NCCL INFO Channel 07 : 0[0] -> 1[1] via SHM/direct/direct
c208-3:1341864:1342084 [0] NCCL INFO Channel 03/0 : 0[0] -> 3[1] [send] via NET/IB/0
c208-3:1341864:1342084 [0] NCCL INFO Channel 04/0 : 0[0] -> 3[1] [send] via NET/IB/0
c208-3:1341864:1342084 [0] NCCL INFO Channel 08/0 : 0[0] -> 3[1] [send] via NET/IB/0
c208-3:1341864:1342084 [0] NCCL INFO Channel 09/0 : 0[0] -> 3[1] [send] via NET/IB/0
c208-3:1341864:1342084 [0] NCCL INFO Connected all rings
c208-3:1341864:1342084 [0] NCCL INFO Channel 03 : 0[0] -> 1[1] via SHM/direct/direct
c208-3:1341864:1342084 [0] NCCL INFO Channel 04 : 0[0] -> 1[1] via SHM/direct/direct
c208-3:1341864:1342084 [0] NCCL INFO Channel 08 : 0[0] -> 1[1] via SHM/direct/direct
c208-3:1341864:1342084 [0] NCCL INFO Channel 09 : 0[0] -> 1[1] via SHM/direct/direct
c208-3:1341864:1342084 [0] NCCL INFO Channel 00/0 : 2[0] -> 0[0] [receive] via NET/IB/0
c208-3:1341864:1342084 [0] NCCL INFO Channel 01/0 : 2[0] -> 0[0] [receive] via NET/IB/1
c208-3:1341864:1342084 [0] NCCL INFO Channel 02/0 : 2[0] -> 0[0] [receive] via NET/IB/0
c208-3:1341864:1342084 [0] NCCL INFO Channel 05/0 : 2[0] -> 0[0] [receive] via NET/IB/0
c208-3:1341864:1342084 [0] NCCL INFO Channel 06/0 : 2[0] -> 0[0] [receive] via NET/IB/1
c208-3:1341864:1342084 [0] NCCL INFO Channel 07/0 : 2[0] -> 0[0] [receive] via NET/IB/0
c208-3:1341864:1342084 [0] NCCL INFO Channel 00/0 : 0[0] -> 2[0] [send] via NET/IB/0
c208-3:1341864:1342084 [0] NCCL INFO Channel 01/0 : 0[0] -> 2[0] [send] via NET/IB/1
c208-3:1341864:1342084 [0] NCCL INFO Channel 02/0 : 0[0] -> 2[0] [send] via NET/IB/0
c208-9:2282162:2282162 [0] NCCL INFO cudaDriverVersion 12080
c208-9:2282162:2282162 [0] NCCL INFO Bootstrap : Using ib0:172.30.208.9<0>
c208-9:2282162:2282162 [0] NCCL INFO NET/Plugin : dlerror=libnccl-net.so: cannot open shared object file: No such file or directory No plugin found (libnccl-net.so), using internal implementation
c208-9:2282162:2282331 [0] NCCL INFO NCCL_IB_DISABLE set by environment to 0.
c208-9:2282162:2282331 [0] NCCL INFO NET/IB : Using [0]mlx5_2:1/IB [1]mlx5_bond_0:1/RoCE [RO]; OOB ib0:172.30.208.9<0>
c208-9:2282162:2282331 [0] NCCL INFO Using non-device net plugin version 0
c208-9:2282162:2282331 [0] NCCL INFO Using network IB
c208-9:2282162:2282331 [0] NCCL INFO comm 0x562e9ec426b0 rank 2 nranks 4 cudaDev 0 nvmlDev 0 busId 17000 commId 0x3cdc4259f6de9bd0 - Init START
c208-9:2282162:2282331 [0] NCCL INFO Setting affinity for GPU 0 to ffff
c208-9:2282162:2282331 [0] NCCL INFO Trees [0] 3/-1/-1->2->0 [1] 3/-1/-1->2->0 [2] 3/-1/-1->2->0 [3] -1/-1/-1->2->3 [4] -1/-1/-1->2->3 [5] 3/0/-1->2->-1 [6] 3/0/-1->2->-1 [7] 3/0/-1->2->-1 [8] -1/-1/-1->2->3 [9] -1/-1/-1->2->3
c208-9:2282162:2282331 [0] NCCL INFO P2P Chunksize set to 131072
c208-9:2282162:2282331 [0] NCCL INFO Channel 00/0 : 1[1] -> 2[0] [receive] via NET/IB/0
c208-9:2282162:2282331 [0] NCCL INFO Channel 01/0 : 1[1] -> 2[0] [receive] via NET/IB/1
c208-9:2282162:2282331 [0] NCCL INFO Channel 02/0 : 1[1] -> 2[0] [receive] via NET/IB/0
c208-9:2282162:2282331 [0] NCCL INFO Channel 05/0 : 1[1] -> 2[0] [receive] via NET/IB/0
c208-9:2282162:2282331 [0] NCCL INFO Channel 06/0 : 1[1] -> 2[0] [receive] via NET/IB/1
c208-9:2282162:2282331 [0] NCCL INFO Channel 07/0 : 1[1] -> 2[0] [receive] via NET/IB/0
c208-9:2282162:2282331 [0] NCCL INFO Channel 00 : 2[0] -> 3[1] via SHM/direct/direct
c208-9:2282162:2282331 [0] NCCL INFO Channel 01 : 2[0] -> 3[1] via SHM/direct/direct
c208-9:2282162:2282331 [0] NCCL INFO Channel 02 : 2[0] -> 3[1] via SHM/direct/direct
c208-9:2282162:2282331 [0] NCCL INFO Channel 05 : 2[0] -> 3[1] via SHM/direct/direct
c208-9:2282162:2282331 [0] NCCL INFO Channel 06 : 2[0] -> 3[1] via SHM/direct/direct
c208-9:2282162:2282331 [0] NCCL INFO Channel 07 : 2[0] -> 3[1] via SHM/direct/direct
c208-9:2282162:2282331 [0] NCCL INFO Channel 03/0 : 2[0] -> 1[1] [send] via NET/IB/0
c208-9:2282162:2282331 [0] NCCL INFO Channel 04/0 : 2[0] -> 1[1] [send] via NET/IB/0
c208-9:2282162:2282331 [0] NCCL INFO Channel 08/0 : 2[0] -> 1[1] [send] via NET/IB/0
c208-9:2282162:2282331 [0] NCCL INFO Channel 09/0 : 2[0] -> 1[1] [send] via NET/IB/0
c208-9:2282162:2282331 [0] NCCL INFO Connected all rings
c208-9:2282162:2282331 [0] NCCL INFO Channel 03 : 2[0] -> 3[1] via SHM/direct/direct
c208-9:2282162:2282331 [0] NCCL INFO Channel 04 : 2[0] -> 3[1] via SHM/direct/direct
c208-9:2282162:2282331 [0] NCCL INFO Channel 08 : 2[0] -> 3[1] via SHM/direct/direct
c208-9:2282162:2282331 [0] NCCL INFO Channel 09 : 2[0] -> 3[1] via SHM/direct/direct
c208-9:2282162:2282331 [0] NCCL INFO Channel 00/0 : 0[0] -> 2[0] [receive] via NET/IB/0
c208-9:2282162:2282331 [0] NCCL INFO Channel 01/0 : 0[0] -> 2[0] [receive] via NET/IB/1
c208-9:2282162:2282331 [0] NCCL INFO Channel 02/0 : 0[0] -> 2[0] [receive] via NET/IB/0
c208-9:2282162:2282331 [0] NCCL INFO Channel 05/0 : 0[0] -> 2[0] [receive] via NET/IB/0
c208-9:2282162:2282331 [0] NCCL INFO Channel 06/0 : 0[0] -> 2[0] [receive] via NET/IB/1
c208-9:2282162:2282331 [0] NCCL INFO Channel 07/0 : 0[0] -> 2[0] [receive] via NET/IB/0
c208-9:2282162:2282331 [0] NCCL INFO Channel 00/0 : 2[0] -> 0[0] [send] via NET/IB/0
c208-9:2282162:2282331 [0] NCCL INFO Channel 01/0 : 2[0] -> 0[0] [send] via NET/IB/1
c208-9:2282162:2282331 [0] NCCL INFO Channel 02/0 : 2[0] -> 0[0] [send] via NET/IB/0
c208-9:2282162:2282331 [0] NCCL INFO Channel 05/0 : 2[0] -> 0[0] [send] via NET/IB/0
c208-9:2282162:2282331 [0] NCCL INFO Channel 06/0 : 2[0] -> 0[0] [send] via NET/IB/1
c208-9:2282162:2282331 [0] NCCL INFO Channel 07/0 : 2[0] -> 0[0] [send] via NET/IB/0
c208-9:2282162:2282331 [0] NCCL INFO Connected all trees
c208-9:2282162:2282331 [0] NCCL INFO threadThresholds 8/8/64Rank 2: 跨节点DDP配置
Rank 2: Master节点: a100-19
Rank 2: Master端口: 15222
Rank 2: World size: 4, Local rank: 0
Rank 2: 连接到 a100-19:15222
checkpoint directory created: ./model
saving model version 0.0
使用DistributedDataParallel，进程数: 4
Rank 3: 跨节点DDP配置
Rank 3: Master节点: a100-19
Rank 3: Master端口: 15222
Rank 3: World size: 4, Local rank: 1
Rank 3: 连接到 a100-19:15222
checkpoint directory created: ./model
saving model version 0.0
使用DistributedDataParallel，进程数: 4
Rank 1: 跨节点DDP配置
Rank 1: Master节点: a100-19
Rank 1: Master端口: 15222
Rank 1: World size: 4, Local rank: 1
Rank 1: 连接到 a100-19:15222
checkpoint directory created: ./model
saving model version 0.0
使用DistributedDataParallel，进程数: 4
c208Rank 0: 跨节点DDP配置
Rank 0: Master节点: a100-19
Rank 0: Master端口: 15222
Rank 0: World size: 4, Local rank: 0
Rank 0: 连接到 a100-19:15222
=== KAN并行化最小可行性测试 ===
测试类型: model_scaling
模式: DDP
数据集大小: 50,000样本
参数: K=3, Grid=10, Width=32
设备: cuda:0, GPU数量: 4, 节点数量: 2
批次大小: 512, 训练轮数: 40
checkpoint directory created: ./model
saving model version 0.0
使用DistributedDataParallel，进程数: 4
总参数数: 2,726
GPU预热中...
Epoch  0/40: Loss=9.662181, Time=2.73s, Throughput=4573.6 samples/s, CommOverhead=11.9%, GPU=0.03GB
Epoch  5/40: Loss=3.534586, Time=2.01s, Throughput=6204.4 samples/s, CommOverhead=3.6%, GPU=0.03GB
Epoch 10/40: Loss=1.795353, Time=2.02s, Throughput=6181.6 samples/s, CommOverhead=6.5%, GPU=0.03GB
Epoch 15/40: Loss=0.835274, Time=2.02s, Throughput=6195.7 samples/s, CommOverhead=4.9%, GPU=0.03GB
Epoch 20/40: Loss=0.284587, Time=2.01s, Throughput=6215.3 samples/s, CommOverhead=5.5%, GPU=0.03GB
Epoch 25/40: Loss=0.147993, Time=2.01s, Throughput=6207.4 samples/s, CommOverhead=5.4%, GPU=0.03GB
Epoch 30/40: Loss=0.118579, Time=2.01s, Throughput=6210.0 samples/s, CommOverhead=6.5%, GPU=0.03GB
Epoch 35/40: Loss=0.107913, Time=2.01s, Throughput=6207.4 samples/s, CommOverhead=6.1%, GPU=0.03GB
c208-3:1341865:1341865 [1] NCCL INFO cudaDriverVersion 12080
c208-3:1341865:1341865 [1] NCCL INFO Bootstrap : Using ib0:172.30.208.3<0>
c208-3:1341865:1341865 [1] NCCL INFO NET/Plugin : dlerror=libnccl-net.so: cannot open shared object file: No such file or directory No plugin found (libnccl-net.so), using internal implementation
c208-3:1341865:1342085 [1] NCCL INFO NCCL_IB_DISABLE set by environment to 0.
c208-3:1341865:1342085 [1] NCCL INFO NET/IB : Using [0]mlx5_2:1/IB [1]mlx5_bond_0:1/RoCE [RO]; OOB ib0:172.30.208.3<0>
c208-3:1341865:1342085 [1] NCCL INFO Using non-device net plugin version 0
c208-3:1341865:1342085 [1] NCCL INFO Using network IB
c208-3:1341865:1342085 [1] NCCL INFO comm 0x562f84a6ed50 rank 1 nranks 4 cudaDev 1 nvmlDev 1 busId 98000 commId 0x3cdc4259f6de9bd0 - Init START
c208-3:1341865:1342085 [1] NCCL INFO Setting affinity for GPU 1 to ffff,00000000
c208-3:1341865:1342085 [1] NCCL INFO Trees [0] -1/-1/-1->1->0 [1] -1/-1/-1->1->0 [2] -1/-1/-1->1->0 [3] 0/3/-1->1->-1 [4] 0/3/-1->1->-1 [5] -1/-1/-1->1->0 [6] -1/-1/-1->1->0 [7] -1/-1/-1->1->0 [8] 0/-1/-1->1->3 [9] 0/-1/-1->1->3
c208-3:1341865:1342085 [1] NCCL INFO P2P Chunksize set to 131072
c208-3:1341865:1342085 [1] NCCL INFO Channel 00/0 : 1[1] -> 2[0] [send] via NET/IB/0
c208-3:1341865:1342085 [1] NCCL INFO Channel 01/0 : 1[1] -> 2[0] [send] via NET/IB/1
c208-3:1341865:1342085 [1] NCCL INFO Channel 02/0 : 1[1] -> 2[0] [send] via NET/IB/0
c208-3:1341865:1342085 [1] NCCL INFO Channel 05/0 : 1[1] -> 2[0] [send] via NET/IB/0
c208-3:1341865:1342085 [1] NCCL INFO Channel 06/0 : 1[1] -> 2[0] [send] via NET/IB/1
c208-3:1341865:1342085 [1] NCCL INFO Channel 07/0 : 1[1] -> 2[0] [send] via NET/IB/0
c208-3:1341865:1342085 [1] NCCL INFO Channel 03/0 : 2[0] -> 1[1] [receive] via NET/IB/0
c208-3:1341865:1342085 [1] NCCL INFO Channel 04/0 : 2[0] -> 1[1] [receive] via NET/IB/0
c208-3:1341865:1342085 [1] NCCL INFO Channel 08/0 : 2[0] -> 1[1] [receive] via NET/IB/0
c208-3:1341865:1342085 [1] NCCL INFO Channel 09/0 : 2[0] -> 1[1] [receive] via NET/IB/0
c208-3:1341865:1342085 [1] NCCL INFO Channel 03 : 1[1] -> 0[0] via SHM/direct/direct
c208-3:1341865:1342085 [1] NCCL INFO Channel 04 : 1[1] -> 0[0] via SHM/direct/direct
c208-3:1341865:1342085 [1] NCCL INFO Channel 08 : 1[1] -> 0[0] via SHM/direct/direct
c208-3:1341865:1342085 [1] NCCL INFO Channel 09 : 1[1] -> 0[0] via SHM/direct/direct
c208-3:1341865:1342085 [1] NCCL INFO Connected all rings
c208-3:1341865:1342085 [1] NCCL INFO Channel 03/0 : 3[1] -> 1[1] [receive] via NET/IB/0
c208-3:1341865:1342085 [1] NCCL INFO Channel 04/0 : 3[1] -> 1[1] [receive] via NET/IB/0
c208-3:1341865:1342085 [1] NCCL INFO Channel 08/0 : 3[1] -> 1[1] [receive] via NET/IB/0
c208-3:1341865:1342085 [1] NCCL INFO Channel 09/0 : 3[1] -> 1[1] [receive] via NET/IB/0
c208-3:1341865:1342085 [1] NCCL INFO Channel 03/0 : 1[1] -> 3[1] [send] via NET/IB/0
c208-3:1341865:1342085 [1] NCCL INFO Channel 04/0 : 1[1] -> 3[1] [send] via NET/IB/0
c208-3:1341865:1342085 [1] NCCL INFO Channel 08/0 : 1[1] -> 3[1] [send] via NET/IB/0
c208-3:1341865:1342085 [1] NCCL INFO Channel 09/0 : 1[1] -> 3[1] [send] via NET/IB/0
c208-3:1341865:1342085 [1] NCCL INFO Channel 00 : 1[1] -> 0[0] via SHM/direct/direct
c208-3:1341865:1342085 [1] NCCL INFO Channel 01 : 1[1] -> 0[0] via SHM/direct/direct
c208-3:1341865:1342085 [1] NCCL INFO Channel 02 : 1[1] -> 0[0] via SHM/direct/direct
c208-3:1341865:1342085 [1] NCCL INFO Channel 05 : 1[1] -> 0[0] via SHM/direct/direct
c208-3:1341865:1342085 [1] NCCL INFO Channel 06 : 1[1] -> 0[0] via SHM/direct/direct
c208-3:1341865:1342085 [1] NCCL INFO Channel 07 : 1[1] -> 0[0] via SHM/direct/direct
c208-3:1341865:1342085 [1] NCCL INFO Connected all trees
c208-3:1341865:1342085 [1] NCCL INFO threadThresholds 8/8/64 | 32/8/64 | 512 | 512
c208-3:1341865:1342085 [1] NCCL INFO 10 coll channels, 0 nvls channels, 16 p2p channels, 2 p2p channels per peer
c208-3:1341865:1342085 [1] NCCL INFO comm 0x562f84a6ed50 rank 1 nranks 4 cudaDev 1 nvmlDev 1 busId 98000 commId 0x3cdc4259f6de9bd0 - Init COMPLETE
c208-9:2282163:2282163 [1] NCCL INFO cudaDriverVersion 12080
c208-9:2282163:2282163 [1] NCCL INFO Bootstrap : Using ib0:172.30.208.9<0>
c208-9:2282163:2282163 [1] NCCL INFO NET/Plugin : dlerror=libnccl-net.so: cannot open shared object file: No such file or directory No plugin found (libnccl-net.so), using internal implementation
c208-9:2282163:2282330 [1] NCCL INFO NCCL_IB_DISABLE set by environment to 0.
c208-9:2282163:2282330 [1] NCCL INFO NET/IB : Using [0]mlx5_2:1/IB [1]mlx5_bond_0:1/RoCE [RO]; OOB ib0:172.30.208.9<0>
c208-9:2282163:2282330 [1] NCCL INFO Using non-device net plugin version 0
c208-9:2282163:2282330 [1] NCCL INFO Using network IB
c208-9:2282163:2282330 [1] NCCL INFO comm 0x55ad65674f40 rank 3 nranks 4 cudaDev 1 nvmlDev 1 busId 98000 commId 0x3cdc4259f6de9bd0 - Init START
c208-9:2282163:2282330 [1] NCCL INFO Setting affinity for GPU 1 to ffff,00000000
c208-9:2282163:2282330 [1] NCCL INFO Trees [0] -1/-1/-1->3->2 [1] -1/-1/-1->3->2 [2] -1/-1/-1->3->2 [3] 2/-1/-1->3->1 [4] 2/-1/-1->3->1 [5] -1/-1/-1->3->2 [6] -1/-1/-1->3->2 [7] -1/-1/-1->3->2 [8] 2/1/-1->3->-1 [9] 2/1/-1->3->-1
c208-9:2282163:2282330 [1] NCCL INFO P2P Chunksize set to 131072
c208-9:2282163:2282330 [1] NCCL INFO Channel 00/0 : 3[1] -> 0[0] [send] via NET/IB/0
c208-9:2282163:2282330 [1] NCCL INFO Channel 01/0 : 3[1] -> 0[0] [send] via NET/IB/1
c208-9:2282163:2282330 [1] NCCL INFO Channel 02/0 : 3[1] -> 0[0] [send] via NET/IB/0
c208-9:2282163:2282330 [1] NCCL INFO Channel 05/0 : 3[1] -> 0[0] [send] via NET/IB/0
c208-9:2282163:2282330 [1] NCCL INFO Channel 06/0 : 3[1] -> 0[0] [send] via NET/IB/1
c208-9:2282163:2282330 [1] NCCL INFO Channel 07/0 : 3[1] -> 0[0] [send] via NET/IB/0
c208-9:2282163:2282330 [1] NCCL INFO Channel 03/0 : 0[0] -> 3[1] [receive] via NET/IB/0
c208-9:2282163:2282330 [1] NCCL INFO Channel 04/0 : 0[0] -> 3[1] [receive] via NET/IB/0
c208-9:2282163:2282330 [1] NCCL INFO Channel 08/0 : 0[0] -> 3[1] [receive] via NET/IB/0
c208-9:2282163:2282330 [1] NCCL INFO Channel 09/0 : 0[0] -> 3[1] [receive] via NET/IB/0
c208-9:2282163:2282330 [1] NCCL INFO Channel 03 : 3[1] -> 2[0] via SHM/direct/direct
c208-9:2282163:2282330 [1] NCCL INFO Channel 04 : 3[1] -> 2[0] via SHM/direct/direct
c208-9:2282163:2282330 [1] NCCL INFO Channel 08 : 3[1] -> 2[0] via SHM/direct/direct
c208-9:2282163:2282330 [1] NCCL INFO Channel 09 : 3[1] -> 2[0] via SHM/direct/direct
c208-9:2282163:2282330 [1] NCCL INFO Connected all rings
c208-9:2282163:2282330 [1] NCCL INFO Channel 03/0 : 1[1] -> 3[1] [receive] via NET/IB/0
c208-9:2282163:2282330 [1] NCCL INFO Channel 04/0 : 1[1] -> 3[1] [receive] via NET/IB/0
c208-9:2282163:2282330 [1] NCCL INFO Channel 08/0 : 1[1] -> 3[1] [receive] via NET/IB/0
c208-9:2282163:2282330 [1] NCCL INFO Channel 09/0 : 1[1] -> 3[1] [receive] via NET/IB/0
c208-9:2282163:2282330 [1] NCCL INFO Channel 03/0 : 3[1] -> 1[1] [send] via NET/IB/0
c208-9:2282163:2282330 [1] NCCL INFO Channel 04/0 : 3[1] -> 1[1] [send] via NET/IB/0
c208-9:2282163:2282330 [1] NCCL INFO Channel 08/0 : 3[1] -> 1[1] [send] via NET/IB/0
c208-9:2282163:2282330 [1] NCCL INFO Channel 09/0 : 3[1] -> 1[1] [send] via NET/IB/0
c208-9:2282163:2282330 [1] NCCL INFO Channel 00 : 3[1] -> 2[0] via SHM/direct/direct
c208-9:2282163:2282330 [1] NCCL INFO Channel 01 : 3[1] -> 2[0] via SHM/direct/direct
c208-9:2282163:2282330 [1] NCCL INFO Channel 02 : 3[1] -> 2[0] via SHM/direct/direct
c208-9:2282163:2282330 [1] NCCL INFO Channel 05 : 3[1] -> 2[0] via SHM/direct/direct
c208-9:2282163:2282330 [1] NCCL INFO Channel 06 : 3[1] -> 2[0] via SHM/direct/direct
c208-9:2282163:2282330 [1] NCCL INFO Channel 07 : 3[1] -> 2[0] via SHM/direct/direct
c208-9:2282163:2282330 [1] NCCL INFO Connected all trees
c208-9:2282163:2282330 [1] NCCL INFO threadThresholds 8/8/64 | 32/8/64 | 512 | 512
c208-9:2282163:2282330 [1] NCCL INFO 10 coll channels, 0 nvls channels, 16 p2p channels, 2 p2p channels per peer
c208-9:2282163:2282330 [1] NCCL INFO comm 0x55ad65674f40 rank 3 nranks 4 cudaDev 1 nvmlDev 1 busId 98000 commId 0x3cdc4259f6de9bd0 - Init COMPLETE
Epoch 39/40: Loss=0.099982, Time=2.02s, Throughput=6178.4 samples/s, CommOverhead=5.8%, GPU=0.03GB

=== 训练完成 ===
测试类型: model_scaling
总训练时间: 81.48秒
平均吞吐量: 24623.6 samples/s (总计), 6155.9 samples/s (每GPU)
平均通信开销: 5.7%
最终损失: 0.099982
峰值GPU内存: 0.04GB
c208-9:2282163:2282337 [1] NCCL INFO [Service thread] Connection closed by localRank 1
c208-9:2282163:2282163 [1] NCCL INFO comm 0x55ad65674f40 rank 3 nranks 4 cudaDev 1 busId 98000 - Abort COMPLETE
 | 32/8/64 | 512 | 512
c208-9:2282162:2282331 [0] NCCL INFO 10 coll channels, 0 nvls channels, 16 p2p channels, 2 p2p channels per peer
c208-9:2282162:2282331 [0] NCCL INFO comm 0x562e9ec426b0 rank 2 nranks 4 cudaDev 0 nvmlDev 0 busId 17000 commId 0x3cdc4259f6de9bd0 - Init COMPLETE
c208-9:2282162:2282336 [0] NCCL INFO [Service thread] Connection closed by localRank 0
c208-9:2282162:2282162 [0] NCCL INFO comm 0x562e9ec426b0 rank 2 nranks 4 cudaDev 0 busId 17000 - Abort COMPLETE
c208-3:1341865:1342091 [1] NCCL INFO [Service thread] Connection closed by localRank 1
c208-3:1341865:1341865 [1] NCCL INFO comm 0x562f84a6ed50 rank 1 nranks 4 cudaDev 1 busId 98000 - Abort COMPLETE
-3:1341864:1342084 [0] NCCL INFO Channel 05/0 : 0[0] -> 2[0] [send] via NET/IB/0
c208-3:1341864:1342084 [0] NCCL INFO Channel 06/0 : 0[0] -> 2[0] [send] via NET/IB/1
c208-3:1341864:1342084 [0] NCCL INFO Channel 07/0 : 0[0] -> 2[0] [send] via NET/IB/0
c208-3:1341864:1342084 [0] NCCL INFO Connected all trees
c208-3:1341864:1342084 [0] NCCL INFO threadThresholds 8/8/64 | 32/8/64 | 512 | 512
c208-3:1341864:1342084 [0] NCCL INFO 10 coll channels, 0 nvls channels, 16 p2p channels, 2 p2p channels per peer
c208-3:1341864:1342084 [0] NCCL INFO comm 0x563547c3a0e0 rank 0 nranks 4 cudaDev 0 nvmlDev 0 busId 17000 commId 0x3cdc4259f6de9bd0 - Init COMPLETE
c208-3:1341864:1342090 [0] NCCL INFO [Service thread] Connection closed by localRank 0
c208-3:1341864:1341864 [0] NCCL INFO comm 0x563547c3a0e0 rank 0 nranks 4 cudaDev 0 busId 17000 - Abort COMPLETE
测试完成时间: Sun Jul 20 21:16:13 CEST 2025
生成的结果文件:
-rw-r--r-- 1 curso349 ulc 22485 Jul 20 21:16 results/model_scaling_small_n2g4_ddp_performance.json
-rw-r--r-- 1 curso349 ulc   529 Jul 20 21:16 results/model_scaling_small_n2g4_ddp_summary.txt
-rw-r--r-- 1 curso349 ulc 11324 Jul 20 21:16 results/model_scaling_small_n2g4_ddp_training_results.csv
GPU内存使用情况:
1, 40960
1, 40960
1, 40960
1, 40960
1, 40960
1, 40960
1, 40960
1, 40960
作业完成: Sun Jul 20 21:16:13 CEST 2025
