slurmstepd: info: Setting TMPDIR to /scratch/14994529. Previous errors about TMPDIR can be discarded
单节点DDP配置: Master=localhost:12355
=== 弱扩展性测试（每GPU 25K样本）: weak_scaling_n1g1 ===
节点数: 1
总GPU数: 1
作业ID: 14994529
GPU类型: 普通A100节点
CPU核心: 32 (1×32)
描述: 1GPU(25K)
开始时间: Sun Jul 20 20:09:44 CEST 2025
Rank 0: 跨节点DDP配置
Rank 0: Master节点: localhost
Rank 0: Master端口: 12355
Rank 0: World size: 1, Local rank: 0
Rank 0: 连接到 localhost:12355
=== KAN并行化最小可行性测试 ===
测试类型: weak_scaling
模式: SINGLE
数据集大小: 25,000样本
参数: K=3, Grid=10, Width=64
设备: cuda:0, GPU数量: 1, 节点数量: 1
批次大小: 512, 训练轮数: 40
checkpoint directory created: ./model
saving model version 0.0
总参数数: 5,414
GPU预热中...
Epoch  0/40: Loss=8.033091, Time=6.28s, Throughput=3980.2 samples/s, CommOverhead=0.0%, GPU=0.04GB
Epoch  5/40: Loss=0.689197, Time=5.65s, Throughput=4424.6 samples/s, CommOverhead=0.0%, GPU=0.04GB
Epoch 10/40: Loss=0.110683, Time=5.75s, Throughput=4348.2 samples/s, CommOverhead=0.0%, GPU=0.04GB
Epoch 15/40: Loss=0.089420, Time=5.71s, Throughput=4381.6 samples/s, CommOverhead=0.0%, GPU=0.04GB
Epoch 20/40: Loss=0.078340, Time=5.64s, Throughput=4431.8 samples/s, CommOverhead=0.0%, GPU=0.04GB
Epoch 25/40: Loss=0.068976, Time=5.71s, Throughput=4380.2 samples/s, CommOverhead=0.0%, GPU=0.04GB
Epoch 30/40: Loss=0.060335, Time=5.71s, Throughput=4377.9 samples/s, CommOverhead=0.0%, GPU=0.04GB
Epoch 35/40: Loss=0.053174, Time=5.64s, Throughput=4428.8 samples/s, CommOverhead=0.0%, GPU=0.04GB
Epoch 39/40: Loss=0.047714, Time=5.74s, Throughput=4356.3 samples/s, CommOverhead=0.0%, GPU=0.04GB

=== 训练完成 ===
测试类型: weak_scaling
总训练时间: 227.94秒
平均吞吐量: 4389.6 samples/s (总计), 4389.6 samples/s (每GPU)
平均通信开销: 0.0%
最终损失: 0.047714
峰值GPU内存: 0.06GB
=== 测试完成 ===
结束时间: Sun Jul 20 20:13:43 CEST 2025
查找结果文件...
SUCCESS: 测试结果已保存到: ./results/weak_scaling_n1g1_single_performance.json
RESULTS: 快速查看
  总训练时间: 227.94秒
  平均通信开销: 0.0%
