slurmstepd: info: Setting TMPDIR to /scratch/14994551. Previous errors about TMPDIR can be discarded
单节点DDP配置: Master=localhost:12355
=== 弱扩展性测试（每GPU 25K样本）: weak_scaling_n1g2 ===
节点数: 1
总GPU数: 2
作业ID: 14994551
GPU类型: 普通A100节点
CPU核心: 64 (2×32)
描述: 2GPU(50K)单节点
开始时间: Sun Jul 20 20:10:50 CEST 2025
Rank 0: 跨节点DDP配置
Rank 0: Master节点: localhost
Rank 0: Master端口: 12355
Rank 0: World size: 2, Local rank: 0
Rank 0: 连接到 localhost:12355
=== KAN并行化最小可行性测试 ===
测试类型: weak_scaling
模式: DDP
数据集大小: 50,000样本
参数: K=3, Grid=10, Width=64
设备: cuda:0, GPU数量: 2, 节点数量: 1
批次大小: 512, 训练轮数: 40
checkpoint directory created: ./model
saving model version 0.0
使用DistributedDataParallel，进程数: 2
总参数数: 5,414
GPU预热中...
Rank 1: 跨节点DDP配置
Rank 1: Master节点: localhost
Rank 1: Master端口: 12355
Rank 1: World size: 2, Local rank: 1
Rank 1: 连接到 localhost:12355
checkpoint directory created: ./model
saving model version 0.0
使用DistributedDataParallel，进程数: 2
Epoch  0/40: Loss=8.198783, Time=7.87s, Throughput=3177.2 samples/s, CommOverhead=1.3%, GPU=0.04GB
Epoch  5/40: Loss=0.817549, Time=7.20s, Throughput=3473.4 samples/s, CommOverhead=1.3%, GPU=0.04GB
Epoch 10/40: Loss=0.114922, Time=7.19s, Throughput=3479.0 samples/s, CommOverhead=2.0%, GPU=0.04GB
Epoch 15/40: Loss=0.092667, Time=7.20s, Throughput=3471.8 samples/s, CommOverhead=1.3%, GPU=0.04GB
Epoch 20/40: Loss=0.079158, Time=7.21s, Throughput=3467.1 samples/s, CommOverhead=1.3%, GPU=0.04GB
Epoch 25/40: Loss=0.068544, Time=7.48s, Throughput=3343.2 samples/s, CommOverhead=1.2%, GPU=0.04GB
Epoch 30/40: Loss=0.058545, Time=7.19s, Throughput=3477.0 samples/s, CommOverhead=1.2%, GPU=0.04GB
Epoch 35/40: Loss=0.050319, Time=7.21s, Throughput=3469.0 samples/s, CommOverhead=1.3%, GPU=0.04GB
Epoch 39/40: Loss=0.042867, Time=7.19s, Throughput=3474.7 samples/s, CommOverhead=1.3%, GPU=0.04GB

=== 训练完成 ===
测试类型: weak_scaling
总训练时间: 288.98秒
平均吞吐量: 6925.2 samples/s (总计), 3462.6 samples/s (每GPU)
平均通信开销: 1.4%
最终损失: 0.042867
峰值GPU内存: 0.06GB
=== 测试完成 ===
结束时间: Sun Jul 20 20:15:54 CEST 2025
查找结果文件...
SUCCESS: 测试结果已保存到: ./results/weak_scaling_n1g2_ddp_performance.json
RESULTS: 快速查看
  总训练时间: 288.98秒
  平均通信开销: 1.4%
