slurmstepd: info: Setting TMPDIR to /scratch/14994697. Previous errors about TMPDIR can be discarded
跨节点DDP配置: Master=a100-15:14697
=== 弱扩展性测试（每GPU 25K样本）: weak_scaling_n2g4 ===
节点数: 2
总GPU数: 4
作业ID: 14994697
GPU类型: 普通A100节点
CPU核心: 128 (4×32)
描述: 4GPU(100K)双节点
开始时间: Sun Jul 20 20:52:41 CEST 2025
节点列表: a100-[15,27]
Master节点: a100-15
Master端口: 14697
检查节点连通性...
c207-15
c207-15
c208-11
c208-11
Rank 0: 跨节点DDP配置
Rank 0: Master节点: a100-15
Rank 0: Master端口: 14697
Rank 0: World size: 4, Local rank: 0
Rank 0: 连接到 a100-15:14697
=== KAN并行化最小可行性测试 ===
测试类型: weak_scaling
模式: DDP
数据集大小: 100,000样本
参数: K=3, Grid=10, Width=64
设备: cuda:0, GPU数量: 4, 节点数量: 2
批次大小: 512, 训练轮数: 40
Rank 2: 跨节点DDP配置
Rank 2: Master节点: a100-15
Rank 2: Master端口: 14697
Rank 2: World size: 4, Local rank: 0
Rank 2: 连接到 a100-15:14697
Rank 1: 跨节点DDP配置
Rank 1: Master节点: a100-15
Rank 1: Master端口: 14697
Rank 1: World size: 4, Local rank: 1
Rank 1: 连接到 a100-15:14697
checkpoint directory created: ./model
saving model version 0.0
使用DistributedDataParallel，进程数: 4
Rank 3: 跨节点DDP配置
Rank 3: Master节点: a100-15
Rank 3: Master端口: 14697
Rank 3: World size: 4, Local rank: 1
Rank 3: 连接到 a100-15:14697
checkpoint directory created: ./model
saving model version 0.0
使用DistributedDataParallel，进程数: 4
=== 测试完成 ===
结束时间: Sun Jul 20 20:52:53 CEST 2025
查找结果文件...
WARNING: 未找到结果文件
