slurmstepd: info: Setting TMPDIR to /scratch/14994767. Previous errors about TMPDIR can be discarded
跨节点DDP配置: Master=a100-34:14767
=== 弱扩展性测试（每GPU 25K样本）: weak_scaling_n4g4 ===
节点数: 4
总GPU数: 4
作业ID: 14994767
GPU类型: 普通A100节点
CPU核心: 128 (4×32)
描述: 4GPU(100K)四节点
开始时间: Sun Jul 20 20:15:51 CEST 2025
节点列表: a100-[34,40-42]
Master节点: a100-34
Master端口: 14767
检查节点连通性...
c209-10
c209-2
c209-8
c209-9
c209-2:490744:490744 [0] NCCL INFO Bootstrap : Using ib0:172.30.209.2<0>
c209-2:490744:490744 [0] NCCL INFO NET/Plugin : dlerror=libnccl-net.so: cannot open shared object file: No such file or directory No plugin found (libnccl-net.so), using internal implementation
c209-2:490744:490744 [0] NCCL INFO cudaDriverVersion 12080
NCCL version 2.19.3+cuda12.1
Rank 0: 跨节点DDP配置
Rank 0: Master节点: a100-34
Rank 0: Master端口: 14767
Rank 0: World size: 4, Local rank: 0
Rank 0: 连接到 a100-34:14767
=== KAN并行化最小可行性测试 ===
测试类型: weak_scaling
模式: DDP
数据集大小: 100,000样本
参数: K=3, Grid=10, Width=64
设备: cuda:0, GPU数量: 4, 节点数量: 4
批次大小: 512, 训练轮数: 40
checkpoint directory created: ./model
saving model version 0.0
使用DistributedDataParallel，进程数: 4
总参数数: 5,414
GPU预热中...
Rank 1: 跨节点DDP配置
Rank 1: Master节点: a100-34
Rank 1: Master端口: 14767
Rank 1: World size: 4, Local rank: 0
Rank 1: 连接到 a100-34:14767
checkpoint directory created: ./model
saving model version 0.0
使用DistributedDataParallel，进程数: 4
Rank 3: 跨节点DDP配置
Rank 3: Master节点: a100-34
Rank 3: Master端口: 14767
Rank 3: World size: 4, Local rank: 0
Rank 3: 连接到 a100-34:14767
checkpoint directory created: ./model
saving model version 0.0
使用DistributedDataParallel，进程数: 4
Rank 2: 跨节点DDP配置
Rank 2: Master节点: a100-34
Rank 2: Master端口: 14767
Rank 2: World size: 4, Local rank: 0
Rank 2: 连接到 a100-34:14767
checkpoint directory created: ./model
saving model version 0.0
使用DistributedDataParallel，进程数: 4
Epoch  0/40: Loss=8.302080, Time=7.87s, Throughput=3176.2 samples/s, CommOverhead=1.2%, GPU=0.04GB
Epoch  5/40: Loss=1.018432, Time=7.23s, Throughput=3458.8 samples/s, CommOverhead=1.3%, GPU=0.04GB
Epoch 10/40: Loss=0.124105, Time=7.23s, Throughput=3459.0 samples/s, CommOverhead=1.4%, GPU=0.04GB
Epoch 15/40: Loss=0.096742, Time=7.22s, Throughput=3462.0 samples/s, CommOverhead=1.4%, GPU=0.04GB
Epoch 20/40: Loss=0.082103, Time=7.23s, Throughput=3459.3 samples/s, CommOverhead=1.3%, GPU=0.04GB
Epoch 25/40: Loss=0.070085, Time=7.53s, Throughput=3322.2 samples/s, CommOverhead=1.3%, GPU=0.04GB
Epoch 30/40: Loss=0.059453, Time=7.23s, Throughput=3456.2 samples/s, CommOverhead=1.3%, GPU=0.04GB
Epoch 35/40: Loss=0.050507, Time=7.23s, Throughput=3456.0 samples/s, CommOverhead=1.3%, GPU=0.04GB
Epoch 39/40: Loss=0.044926, Time=7.23s, Throughput=3457.0 samples/s, CommOverhead=1.3%, GPU=0.04GB

=== 训练完成 ===
测试类型: weak_scaling
总训练时间: 290.35秒
平均吞吐量: 13784.8 samples/s (总计), 3446.2 samples/s (每GPU)
平均通信开销: 1.4%
最终损失: 0.044926
峰值GPU内存: 0.06GB
c209-10:2712967:2712967 [0] NCCL INFO cudaDriverVersion 12080
c209-10:2712967:2712967 [0] NCCL INFO Bootstrap : Using ib0:172.30.209.10<0>
c209-10:2712967:2712967 [0] NCCL INFO NET/Plugin : dlerror=libnccl-net.so: cannot open shared object file: No such file or directory No plugin found (libnccl-net.so), using internal implementation
c209-10:2712967:2713050 [0] NCCL INFO NCCL_IB_DISABLE set by environment to 0.
c209-10:2712967:2713050 [0] NCCL INFO NET/IB : Using [0]mlx5_2:1/IB [1]mlx5_bond_0:1/RoCE [RO]; OOB ib0:172.30.209.10<0>
c209-10:2712967:2713050 [0] NCCL INFO Using non-device net plugin version 0
c209-10:2712967:2713050 [0] NCCL INFO Using network IB
c209-10:2712967:2713050 [0] NCCL INFO comm 0x561624a05c60 rank 3 nranks 4 cudaDev 0 nvmlDev 0 busId 98000 commId 0xa254a2378b0f0d2a - Init START
c209-10:2712967:2713050 [0] NCCL INFO Setting affinity for GPU 0 to ffff,00000000
c209-10:2712967:2713050 [0] NCCL INFO Trees [0] -1/-1/-1->3->2 [1] 1/-1/-1->3->-1
c209-10:2712967:2713050 [0] NCCL INFO P2P Chunksize set to 131072
c209-10:2712967:2713050 [0] NCCL INFO Channel 00/0 : 2[0] -> 3[0] [receive] via NET/IB/0
c209-10:2712967:2713050 [0] NCCL INFO Channel 01/0 : 2[0] -> 3[0] [receive] via NET/IB/0
c209-10:2712967:2713050 [0] NCCL INFO Channel 00/0 : 3[0] -> 0[0] [send] via NET/IB/0
c209-10:2712967:2713050 [0] NCCL INFO Channel 01/0 : 3[0] -> 0[0] [send] via NET/IB/0
c209-10:2712967:2713050 [0] NCCL INFO Connected all rings
c209-10:2712967:2713050 [0] NCCL INFO Channel 01/0 : 1[0] -> 3[0] [receive] via NET/IB/0
c209-10:2712967:2713050 [0] NCCL INFO Channel 01/0 : 3[0] -> 1[0] [send] via NET/IB/0
c209-10:2712967:2713050 [0] NCCL INFO Channel 00/0 : 3[0] -> 2[0] [send] via NET/IB/0
c209-10:2712967:2713050 [0] NCCL INFO Connected all trees
c209-10:2712967:2713050 [0] NCCL INFO threadThresholds 8/8/64 | 32/8/64 | 512 | 512
c209-10:2712967:2713050 [0] NCCL INFO 2 coll channels, 0 nvls channels, 2 p2p channels, 2 p2p channels per peer
c209-10:2712967:2713050 [0] NCCL INFO comm 0x561624a05c60 rank 3 nranks 4 cudaDev 0 nvmlDev 0 busId 98000 commId 0xa254a2378b0f0d2a - Init COMPLETE
c209-10:2712967:2713053 [0] NCCL INFO [Service thread] Connection closed by localRank 0
c209-10:2712967:2712967 [0] NCCL INFO comm 0x561624a05c60 rank 3 nranks 4 cudaDev 0 busId 98000 - Abort COMPLETE
c209-2:490744:490832 [0] NCCL INFO NCCL_IB_DISABLE set by environment to 0.
c209-2:490744:490832 [0] NCCL INFO NET/IB : Using [0]mlx5_2:1/IB [1]mlx5_bond_0:1/RoCE [RO]; OOB ib0:172.30.209.2<0>
c209-2:490744:490832 [0] NCCL INFO Using non-device net plugin version 0
c209-2:490744:490832 [0] NCCL INFO Using network IB
c209-2:490744:490832 [0] NCCL INFO comm 0x56262ef3f470 rank 0 nranks 4 cudaDev 0 nvmlDev 0 busId 98000 commId 0xa254a2378b0f0d2a - Init START
c209-2:490744:490832 [0] NCCL INFO Setting affinity for GPU 0 to ffff,00000000
c209-2:490744:490832 [0] NCCL INFO Channel 00/02 :    0   1   2   3
c209-2:490744:490832 [0] NCCL INFO Channel 01/02 :    0   1   2   3
c209-2:490744:490832 [0] NCCL INFO Trees [0] 2/-1/-1->0->-1 [1] -1/-1/-1->0->1
c209-2:490744:490832 [0] NCCL INFO P2P Chunksize set to 131072
c209-2:490744:490832 [0] NCCL INFO Channel 00/0 : 3[0] -> 0[0] [receive] via NET/IB/0
c209-2:490744:490832 [0] NCCL INFO Channel 01/0 : 3[0] -> 0[0] [receive] via NET/IB/0
c209-2:490744:490832 [0] NCCL INFO Channel 00/0 : 0[0] -> 1[0] [send] via NET/IB/0
c209-2:490744:490832 [0] NCCL INFO Channel 01/0 : 0[0] -> 1[0] [send] via NET/IB/0
c209-2:490744:490832 [0] NCCL INFO Connected all rings
c209-2:490744:490832 [0] NCCL INFO Channel 00/0 : 2[0] -> 0[0] [receive] via NET/IB/0
c209-2:490744:490832 [0] NCCL INFO Channel 00/0 : 0[0] -> 2[0] [send] via NET/IB/0
c209-2:490744:490832 [0] NCCL INFO Channel 01/0 : 1[0] -> 0[0] [receive] via NET/IB/0
c209-2:490744:490832 [0] NCCL INFO Connected all trees
c209-2:490744:490832 [0] NCCL INFO threadThresholds 8/8/64 | 32/8/64 | 512 | 512
c209-2:490744:490832 [0] NCCL INFO 2 coll channels, 0 nvls channels, 2 p2p channels, 2 p2p channels per peer
c209-2:490744:490832 [0] NCCL INFO comm 0x56262ef3f470 rank 0 nranks 4 cudaDev 0 nvmlDev 0 busId 98000 commId 0xa254a2378b0f0d2a - Init COMPLETE
c209-2:490744:490835 [0] NCCL INFO [Service thread] Connection closed by localRank 0
c209-2:490744:490744 [0] NCCL INFO comm 0x56262ef3f470 rank 0 nranks 4 cudaDev 0 busId 98000 - Abort COMPLETE
c209-9:2942307:2942307 [0] NCCL INFO cudaDriverVersion 12080
c209-9:2942307:2942307 [0] NCCL INFO Bootstrap : Using ib0:172.30.209.9<0>
c209-9:2942307:2942307 [0] NCCL INFO NET/Plugin : dlerror=libnccl-net.so: cannot open shared object file: No such file or directory No plugin found (libnccl-net.so), using internal implementation
c209-9:2942307:2942392 [0] NCCL INFO NCCL_IB_DISABLE set by environment to 0.
c209-9:2942307:2942392 [0] NCCL INFO NET/IB : Using [0]mlx5_2:1/IB [1]mlx5_bond_0:1/RoCE [RO]; OOB ib0:172.30.209.9<0>
c209-9:2942307:2942392 [0] NCCL INFO Using non-device net plugin version 0
c209-9:2942307:2942392 [0] NCCL INFO Using network IB
c209-9:2942307:2942392 [0] NCCL INFO comm 0x561a4e93fbf0 rank 2 nranks 4 cudaDev 0 nvmlDev 0 busId 17000 commId 0xa254a2378b0f0d2a - Init START
c209-9:2942307:2942392 [0] NCCL INFO Setting affinity for GPU 0 to ffff
c209-9:2942307:2942392 [0] NCCL INFO Trees [0] 1/3/-1->2->0 [1] -1/-1/-1->2->1
c209-9:2942307:2942392 [0] NCCL INFO P2P Chunksize set to 131072
c209-9:2942307:2942392 [0] NCCL INFO Channel 00/0 : 1[0] -> 2[0] [receive] via NET/IB/0
c209-9:2942307:2942392 [0] NCCL INFO Channel 01/0 : 1[0] -> 2[0] [receive] via NET/IB/0
c209-9:2942307:2942392 [0] NCCL INFO Channel 00/0 : 2[0] -> 3[0] [send] via NET/IB/0
c209-9:2942307:2942392 [0] NCCL INFO Channel 01/0 : 2[0] -> 3[0] [send] via NET/IB/0
c209-9:2942307:2942392 [0] NCCL INFO Connected all rings
c209-9:2942307:2942392 [0] NCCL INFO Channel 00/0 : 0[0] -> 2[0] [receive] via NET/IB/0
c209-9:2942307:2942392 [0] NCCL INFO Channel 00/0 : 2[0] -> 0[0] [send] via NET/IB/0
c209-9:2942307:2942392 [0] NCCL INFO Channel 00/0 : 3[0] -> 2[0] [receive] via NET/IB/0
c209-9:2942307:2942392 [0] NCCL INFO Channel 00/0 : 2[0] -> 1[0] [send] via NET/IB/0
c209-9:2942307:2942392 [0] NCCL INFO Channel 01/0 : 2[0] -> 1[0] [send] via NET/IB/0
c209-9:2942307:2942392 [0] NCCL INFO Connected all trees
c209-9:2942307:2942392 [0] NCCL INFO threadThresholds 8/8/64 | 32/8/64 | 512 | 512
c209-9:2942307:2942392 [0] NCCL INFO 2 coll channels, 0 nvls channels, 2 p2p channels, 2 p2p channels per peer
c209-9:2942307:2942392 [0] NCCL INFO comm 0x561a4e93fbf0 rank 2 nranks 4 cudaDev 0 nvmlDev 0 busId 17000 commId 0xa254a2378b0f0d2a - Init COMPLETE
c209-9:2942307:2942395 [0] NCCL INFO [Service thread] Connection closed by localRank 0
c209-9:2942307:2942307 [0] NCCL INFO comm 0x561a4e93fbf0 rank 2 nranks 4 cudaDev 0 busId 17000 - Abort COMPLETE
c209-8:3432326:3432326 [0] NCCL INFO cudaDriverVersion 12080
c209-8:3432326:3432326 [0] NCCL INFO Bootstrap : Using ib0:172.30.209.8<0>
c209-8:3432326:3432326 [0] NCCL INFO NET/Plugin : dlerror=libnccl-net.so: cannot open shared object file: No such file or directory No plugin found (libnccl-net.so), using internal implementation
c209-8:3432326:3432414 [0] NCCL INFO NCCL_IB_DISABLE set by environment to 0.
c209-8:3432326:3432414 [0] NCCL INFO NET/IB : Using [0]mlx5_2:1/IB [1]mlx5_bond_0:1/RoCE [RO]; OOB ib0:172.30.209.8<0>
c209-8:3432326:3432414 [0] NCCL INFO Using non-device net plugin version 0
c209-8:3432326:3432414 [0] NCCL INFO Using network IB
c209-8:3432326:3432414 [0] NCCL INFO comm 0x559075dc1b20 rank 1 nranks 4 cudaDev 0 nvmlDev 0 busId 98000 commId 0xa254a2378b0f0d2a - Init START
c209-8:3432326:3432414 [0] NCCL INFO Setting affinity for GPU 0 to ffff,00000000
c209-8:3432326:3432414 [0] NCCL INFO Trees [0] -1/-1/-1->1->2 [1] 2/0/-1->1->3
c209-8:3432326:3432414 [0] NCCL INFO P2P Chunksize set to 131072
c209-8:3432326:3432414 [0] NCCL INFO Channel 00/0 : 0[0] -> 1[0] [receive] via NET/IB/0
c209-8:3432326:3432414 [0] NCCL INFO Channel 01/0 : 0[0] -> 1[0] [receive] via NET/IB/0
c209-8:3432326:3432414 [0] NCCL INFO Channel 00/0 : 1[0] -> 2[0] [send] via NET/IB/0
c209-8:3432326:3432414 [0] NCCL INFO Channel 01/0 : 1[0] -> 2[0] [send] via NET/IB/0
c209-8:3432326:3432414 [0] NCCL INFO Connected all rings
c209-8:3432326:3432414 [0] NCCL INFO Channel 01/0 : 3[0] -> 1[0] [receive] via NET/IB/0
c209-8:3432326:3432414 [0] NCCL INFO Channel 01/0 : 1[0] -> 3[0] [send] via NET/IB/0
c209-8:3432326:3432414 [0] NCCL INFO Channel 00/0 : 2[0] -> 1[0] [receive] via NET/IB/0
c209-8:3432326:3432414 [0] NCCL INFO Channel 01/0 : 2[0] -> 1[0] [receive] via NET/IB/0
c209-8:3432326:3432414 [0] NCCL INFO Channel 01/0 : 1[0] -> 0[0] [send] via NET/IB/0
c209-8:3432326:3432414 [0] NCCL INFO Connected all trees
c209-8:3432326:3432414 [0] NCCL INFO threadThresholds 8/8/64 | 32/8/64 | 512 | 512
c209-8:3432326:3432414 [0] NCCL INFO 2 coll channels, 0 nvls channels, 2 p2p channels, 2 p2p channels per peer
c209-8:3432326:3432414 [0] NCCL INFO comm 0x559075dc1b20 rank 1 nranks 4 cudaDev 0 nvmlDev 0 busId 98000 commId 0xa254a2378b0f0d2a - Init COMPLETE
c209-8:3432326:3432418 [0] NCCL INFO [Service thread] Connection closed by localRank 0
c209-8:3432326:3432326 [0] NCCL INFO comm 0x559075dc1b20 rank 1 nranks 4 cudaDev 0 busId 98000 - Abort COMPLETE
测试完成时间: Sun Jul 20 20:20:51 CEST 2025
生成的结果文件:
-rw-r--r-- 1 curso349 ulc 22530 Jul 20 20:20 results/weak_scaling_n4g4_ddp_performance.json
-rw-r--r-- 1 curso349 ulc   530 Jul 20 20:20 results/weak_scaling_n4g4_ddp_summary.txt
-rw-r--r-- 1 curso349 ulc 11364 Jul 20 20:20 results/weak_scaling_n4g4_ddp_training_results.csv
GPU内存使用情况:
1, 40960
1, 40960
1, 40960
1, 40960
作业完成: Sun Jul 20 20:20:52 CEST 2025
